Archive member included to satisfy reference by file (symbol)

/home/shoe/intelFPGA/18.1/nios2eds/bin/gnu/H-x86_64-pc-linux-gnu/bin/../lib/gcc/nios2-elf/5.3.0/../../../../../H-x86_64-pc-linux-gnu/nios2-elf/lib/mno-hw-mul/libc.a(lib_a-printf.o)
                              obj/default/main.o (printf)
/home/shoe/intelFPGA/18.1/nios2eds/bin/gnu/H-x86_64-pc-linux-gnu/bin/../lib/gcc/nios2-elf/5.3.0/../../../../../H-x86_64-pc-linux-gnu/nios2-elf/lib/mno-hw-mul/libc.a(lib_a-puts.o)
                              obj/default/main.o (puts)
/home/shoe/intelFPGA/18.1/nios2eds/bin/gnu/H-x86_64-pc-linux-gnu/bin/../lib/gcc/nios2-elf/5.3.0/../../../../../H-x86_64-pc-linux-gnu/nios2-elf/lib/mno-hw-mul/libc.a(lib_a-strlen.o)
                              /home/shoe/intelFPGA/18.1/nios2eds/bin/gnu/H-x86_64-pc-linux-gnu/bin/../lib/gcc/nios2-elf/5.3.0/../../../../../H-x86_64-pc-linux-gnu/nios2-elf/lib/mno-hw-mul/libc.a(lib_a-puts.o) (strlen)
/home/shoe/intelFPGA/18.1/nios2eds/bin/gnu/H-x86_64-pc-linux-gnu/bin/../lib/gcc/nios2-elf/5.3.0/../../../../../H-x86_64-pc-linux-gnu/nios2-elf/lib/mno-hw-mul/libc.a(lib_a-vfprintf.o)
                              /home/shoe/intelFPGA/18.1/nios2eds/bin/gnu/H-x86_64-pc-linux-gnu/bin/../lib/gcc/nios2-elf/5.3.0/../../../../../H-x86_64-pc-linux-gnu/nios2-elf/lib/mno-hw-mul/libc.a(lib_a-printf.o) (___vfprintf_internal_r)
/home/shoe/intelFPGA/18.1/nios2eds/bin/gnu/H-x86_64-pc-linux-gnu/bin/../lib/gcc/nios2-elf/5.3.0/../../../../../H-x86_64-pc-linux-gnu/nios2-elf/lib/mno-hw-mul/libc.a(lib_a-wsetup.o)
                              /home/shoe/intelFPGA/18.1/nios2eds/bin/gnu/H-x86_64-pc-linux-gnu/bin/../lib/gcc/nios2-elf/5.3.0/../../../../../H-x86_64-pc-linux-gnu/nios2-elf/lib/mno-hw-mul/libc.a(lib_a-vfprintf.o) (__swsetup_r)
/home/shoe/intelFPGA/18.1/nios2eds/bin/gnu/H-x86_64-pc-linux-gnu/bin/../lib/gcc/nios2-elf/5.3.0/../../../../../H-x86_64-pc-linux-gnu/nios2-elf/lib/mno-hw-mul/libc.a(lib_a-dtoa.o)
                              /home/shoe/intelFPGA/18.1/nios2eds/bin/gnu/H-x86_64-pc-linux-gnu/bin/../lib/gcc/nios2-elf/5.3.0/../../../../../H-x86_64-pc-linux-gnu/nios2-elf/lib/mno-hw-mul/libc.a(lib_a-vfprintf.o) (_dtoa_r)
/home/shoe/intelFPGA/18.1/nios2eds/bin/gnu/H-x86_64-pc-linux-gnu/bin/../lib/gcc/nios2-elf/5.3.0/../../../../../H-x86_64-pc-linux-gnu/nios2-elf/lib/mno-hw-mul/libc.a(lib_a-fflush.o)
                              /home/shoe/intelFPGA/18.1/nios2eds/bin/gnu/H-x86_64-pc-linux-gnu/bin/../lib/gcc/nios2-elf/5.3.0/../../../../../H-x86_64-pc-linux-gnu/nios2-elf/lib/mno-hw-mul/libc.a(lib_a-vfprintf.o) (_fflush_r)
/home/shoe/intelFPGA/18.1/nios2eds/bin/gnu/H-x86_64-pc-linux-gnu/bin/../lib/gcc/nios2-elf/5.3.0/../../../../../H-x86_64-pc-linux-gnu/nios2-elf/lib/mno-hw-mul/libc.a(lib_a-findfp.o)
                              /home/shoe/intelFPGA/18.1/nios2eds/bin/gnu/H-x86_64-pc-linux-gnu/bin/../lib/gcc/nios2-elf/5.3.0/../../../../../H-x86_64-pc-linux-gnu/nios2-elf/lib/mno-hw-mul/libc.a(lib_a-puts.o) (__sinit)
/home/shoe/intelFPGA/18.1/nios2eds/bin/gnu/H-x86_64-pc-linux-gnu/bin/../lib/gcc/nios2-elf/5.3.0/../../../../../H-x86_64-pc-linux-gnu/nios2-elf/lib/mno-hw-mul/libc.a(lib_a-freer.o)
                              /home/shoe/intelFPGA/18.1/nios2eds/bin/gnu/H-x86_64-pc-linux-gnu/bin/../lib/gcc/nios2-elf/5.3.0/../../../../../H-x86_64-pc-linux-gnu/nios2-elf/lib/mno-hw-mul/libc.a(lib_a-wsetup.o) (_free_r)
/home/shoe/intelFPGA/18.1/nios2eds/bin/gnu/H-x86_64-pc-linux-gnu/bin/../lib/gcc/nios2-elf/5.3.0/../../../../../H-x86_64-pc-linux-gnu/nios2-elf/lib/mno-hw-mul/libc.a(lib_a-fvwrite.o)
                              /home/shoe/intelFPGA/18.1/nios2eds/bin/gnu/H-x86_64-pc-linux-gnu/bin/../lib/gcc/nios2-elf/5.3.0/../../../../../H-x86_64-pc-linux-gnu/nios2-elf/lib/mno-hw-mul/libc.a(lib_a-puts.o) (__sfvwrite_r)
/home/shoe/intelFPGA/18.1/nios2eds/bin/gnu/H-x86_64-pc-linux-gnu/bin/../lib/gcc/nios2-elf/5.3.0/../../../../../H-x86_64-pc-linux-gnu/nios2-elf/lib/mno-hw-mul/libc.a(lib_a-fwalk.o)
                              /home/shoe/intelFPGA/18.1/nios2eds/bin/gnu/H-x86_64-pc-linux-gnu/bin/../lib/gcc/nios2-elf/5.3.0/../../../../../H-x86_64-pc-linux-gnu/nios2-elf/lib/mno-hw-mul/libc.a(lib_a-findfp.o) (_fwalk)
/home/shoe/intelFPGA/18.1/nios2eds/bin/gnu/H-x86_64-pc-linux-gnu/bin/../lib/gcc/nios2-elf/5.3.0/../../../../../H-x86_64-pc-linux-gnu/nios2-elf/lib/mno-hw-mul/libc.a(lib_a-impure.o)
                              /home/shoe/intelFPGA/18.1/nios2eds/bin/gnu/H-x86_64-pc-linux-gnu/bin/../lib/gcc/nios2-elf/5.3.0/../../../../../H-x86_64-pc-linux-gnu/nios2-elf/lib/mno-hw-mul/libc.a(lib_a-fflush.o) (_global_impure_ptr)
/home/shoe/intelFPGA/18.1/nios2eds/bin/gnu/H-x86_64-pc-linux-gnu/bin/../lib/gcc/nios2-elf/5.3.0/../../../../../H-x86_64-pc-linux-gnu/nios2-elf/lib/mno-hw-mul/libc.a(lib_a-locale.o)
[...]
Memory Configuration

Name             Origin             Length             Attributes
reset            0x0000000008000000 0x0000000000000020
sdram            0x0000000008000020 0x0000000007ffffe0
onchip_memory2_0 0x0000000010001120 0x0000000000000010
*default*        0x0000000000000000 0xffffffffffffffff

Linker script and memory map

LOAD ../usb_kb_bsp//obj/HAL/src/crt0.o
LOAD obj/default/io_handler.o
LOAD obj/default/main.o
LOAD obj/default/usb.o
LOAD /home/shoe/intelFPGA/18.1/nios2eds/bin/gnu/H-x86_64-pc-linux-gnu/bin/../lib/gcc/nios2-elf/5.3.0/../../../../../H-x86_64-pc-linux-gnu/nios2-elf/lib/mno-hw-mul/libstdc++.a
LOAD /home/shoe/intelFPGA/18.1/nios2eds/bin/gnu/H-x86_64-pc-linux-gnu/bin/../lib/gcc/nios2-elf/5.3.0/../../../../../H-x86_64-pc-linux-gnu/nios2-elf/lib/mno-hw-mul/libm.a
LOAD /home/shoe/intelFPGA/18.1/nios2eds/bin/gnu/H-x86_64-pc-linux-gnu/bin/../lib/gcc/nios2-elf/5.3.0/mno-hw-mul/libgcc.a
START GROUP
LOAD /home/shoe/intelFPGA/18.1/nios2eds/bin/gnu/H-x86_64-pc-linux-gnu/bin/../lib/gcc/nios2-elf/5.3.0/../../../../../H-x86_64-pc-linux-gnu/nios2-elf/lib/mno-hw-mul/libc.a
LOAD /home/shoe/intelFPGA/18.1/nios2eds/bin/gnu/H-x86_64-pc-linux-gnu/bin/../lib/gcc/nios2-elf/5.3.0/mno-hw-mul/libgcc.a
LOAD ../usb_kb_bsp//libhal_bsp.a
LOAD /home/shoe/intelFPGA/18.1/nios2eds/bin/gnu/H-x86_64-pc-linux-gnu/bin/../lib/gcc/nios2-elf/5.3.0/../../../../../H-x86_64-pc-linux-gnu/nios2-elf/lib/mno-hw-mul/libm.a
END GROUP
LOAD /home/shoe/intelFPGA/18.1/nios2eds/bin/gnu/H-x86_64-pc-linux-gnu/bin/../lib/gcc/nios2-elf/5.3.0/mno-hw-mul/libgcc.a
                0x0000000008000000                __alt_mem_sdram = 0x8000000
                0x0000000010001120                __alt_mem_onchip_memory2_0 = 0x10001120

.entry          0x0000000008000000       0x20
 *(.entry)
 .entry         0x0000000008000000       0x20 ../usb_kb_bsp//obj/HAL/src/crt0.o
                0x0000000008000000                __reset

.exceptions     0x0000000008000020      0x210
                0x0000000008000020                PROVIDE (__ram_exceptions_start, ABSOLUTE (.))
                0x0000000008000020                . = ALIGN (0x20)
 *(.irq)
 *(.exceptions.entry.label)
 .exceptions.entry.label
                0x0000000008000020        0x0 ../usb_kb_bsp//libhal_bsp.a(alt_irq_entry.o)
                0x0000000008000020                alt_irq_entry
 .exceptions.entry.label
                0x0000000008000020        0x0 ../usb_kb_bsp//libhal_bsp.a(alt_exception_entry.o)
                0x0000000008000020                alt_exception
 *(.exceptions.entry.user)
 *(.exceptions.entry.ecc_fatal)
 *(.exceptions.entry)
 .exceptions.entry
                0x0000000008000020       0x54 ../usb_kb_bsp//libhal_bsp.a(alt_exception_entry.o)
 *(.exceptions.irqtest.user)
 *(.exceptions.irqtest)
 .exceptions.irqtest
                0x0000000008000074       0x10 ../usb_kb_bsp//libhal_bsp.a(alt_irq_entry.o)
 *(.exceptions.irqhandler.user)
 *(.exceptions.irqhandler)
 .exceptions.irqhandler
                0x0000000008000084        0x4 ../usb_kb_bsp//libhal_bsp.a(alt_irq_entry.o)
 *(.exceptions.irqreturn.user)
 *(.exceptions.irqreturn)
 .exceptions.irqreturn
                0x0000000008000088        0x4 ../usb_kb_bsp//libhal_bsp.a(alt_irq_entry.o)
 *(.exceptions.notirq.label)
 .exceptions.notirq.label
                0x000000000800008c        0x0 ../usb_kb_bsp//libhal_bsp.a(alt_irq_entry.o)
 *(.exceptions.notirq.user)
 *(.exceptions.notirq)
 .exceptions.notirq
                0x000000000800008c        0x8 ../usb_kb_bsp//libhal_bsp.a(alt_exception_entry.o)
 *(.exceptions.soft.user)
 *(.exceptions.soft)
 *(.exceptions.unknown.user)
 *(.exceptions.unknown)
 .exceptions.unknown
                0x0000000008000094       0x14 ../usb_kb_bsp//libhal_bsp.a(alt_exception_entry.o)
 *(.exceptions.exit.label)
 .exceptions.exit.label
                0x00000000080000a8        0x0 ../usb_kb_bsp//libhal_bsp.a(alt_irq_entry.o)
 .exceptions.exit.label
                0x00000000080000a8        0x0 ../usb_kb_bsp//libhal_bsp.a(alt_exception_entry.o)
 *(.exceptions.exit.user)
 *(.exceptions.exit)
 .exceptions.exit
                0x00000000080000a8       0x54 ../usb_kb_bsp//libhal_bsp.a(alt_exception_entry.o)
 *(.exceptions)
 .exceptions    0x00000000080000fc       0xd4 ../usb_kb_bsp//libhal_bsp.a(alt_irq_handler.o)
                0x00000000080000fc                alt_irq_handler
 .exceptions    0x00000000080001d0       0x60 ../usb_kb_bsp//libhal_bsp.a(alt_instruction_exception_entry.o)
                0x00000000080001d0                alt_instruction_exception_entry
                0x0000000008000230                PROVIDE (__ram_exceptions_end, ABSOLUTE (.))
                0x0000000008000020                PROVIDE (__flash_exceptions_start, LOADADDR (.exceptions))

.text           0x0000000008000230    0x11870
                [!provide]                        PROVIDE (stext, ABSOLUTE (.))
 *(.interp)
 *(.hash)
 *(.dynsym)
 *(.dynstr)
 *(.gnu.version)
 *(.gnu.version_d)
 *(.gnu.version_r)
 *(.rel.init)
 *(.rela.init)
 *(.rel.text .rel.text.* .rel.gnu.linkonce.t.*)
 *(.rela.text .rela.text.* .rela.gnu.linkonce.t.*)
 *(.rel.fini)
 *(.rela.fini)
 *(.rel.rodata .rel.rodata.* .rel.gnu.linkonce.r.*)
 *(.rela.rodata .rela.rodata.* .rela.gnu.linkonce.r.*)
 *(.rel.data .rel.data.* .rel.gnu.linkonce.d.*)
 *(.rela.data .rela.data.* .rela.gnu.linkonce.d.*)
 *(.rel.tdata .rel.tdata.* .rel.gnu.linkonce.td.*)
 *(.rela.tdata .rela.tdata.* .rela.gnu.linkonce.td.*)
 *(.rel.tbss .rel.tbss.* .rel.gnu.linkonce.tb.*)
 *(.rela.tbss .rela.tbss.* .rela.gnu.linkonce.tb.*)
 *(.rel.ctors)
 *(.rela.ctors)
 *(.rel.dtors)
 *(.rela.dtors)
 *(.rel.got)
 *(.rela.got)
 *(.rel.sdata .rel.sdata.* .rel.gnu.linkonce.s.*)
 *(.rela.sdata .rela.sdata.* .rela.gnu.linkonce.s.*)
 *(.rel.sbss .rel.sbss.* .rel.gnu.linkonce.sb.*)
 *(.rela.sbss .rela.sbss.* .rela.gnu.linkonce.sb.*)
 *(.rel.sdata2 .rel.sdata2.* .rel.gnu.linkonce.s2.*)
 *(.rela.sdata2 .rela.sdata2.* .rela.gnu.linkonce.s2.*)
 *(.rel.sbss2 .rel.sbss2.* .rel.gnu.linkonce.sb2.*)
 *(.rela.sbss2 .rela.sbss2.* .rela.gnu.linkonce.sb2.*)
 *(.rel.bss .rel.bss.* .rel.gnu.linkonce.b.*)
 *(.rela.bss .rela.bss.* .rela.gnu.linkonce.b.*)
 *(.rel.plt)
 *(.rela.plt)
 *(.rel.dyn)
 *(.init)
 *(.plt)
 *(.text .stub .text.* .gnu.linkonce.t.*)
 .text          0x0000000008000230       0x3c ../usb_kb_bsp//obj/HAL/src/crt0.o
                0x0000000008000230                _start
 .text          0x000000000800026c      0x1b8 obj/default/io_handler.o
                0x000000000800026c                IO_init
                0x000000000800031c                IO_write
                0x00000000080003a4                IO_read
 .text          0x0000000008000424      0xda8 obj/default/main.o
                0x0000000008000424                main
 .text          0x00000000080011cc     0x1174 obj/default/usb.o
                0x00000000080011cc                UsbWrite
                0x0000000008001224                UsbRead
                0x0000000008001268                UsbSoftReset
                0x000000000800131c                UsbSetAddress
                0x000000000800141c                UsbGetDeviceDesc1
                0x0000000008001564                UsbGetDeviceDesc2
                0x000000000800173c                UsbGetConfigDesc1
                0x00000000080018cc                UsbGetConfigDesc2
                0x0000000008001b34                UsbSetConfig
                0x0000000008001c34                UsbClassRequest
                0x0000000008001d34                UsbGetHidDesc
                0x0000000008001e7c                UsbGetReportDesc
                0x00000000080021bc                UsbWaitTDListDone
                0x0000000008002240                UsbGetRetryCnt
                0x00000000080022c0                UsbPrintMem
 .text          0x0000000008002340        0x0 /home/shoe/intelFPGA/18.1/nios2eds/bin/gnu/H-x86_64-pc-linux-gnu/bin/../lib/gcc/nios2-elf/5.3.0/../../../../../H-x86_64-pc-linux-gnu/nios2-elf/lib/mno-hw-mul/libc.a(lib_a-printf.o)
 .text._printf_r
                0x0000000008002340       0x30 /home/shoe/intelFPGA/18.1/nios2eds/bin/gnu/H-x86_64-pc-linux-gnu/bin/../lib/gcc/nios2-elf/5.3.0/../../../../../H-x86_64-pc-linux-gnu/nios2-elf/lib/mno-hw-mul/libc.a(lib_a-printf.o)
                0x0000000008002340                _printf_r
 .text.printf   0x0000000008002370       0x3c /home/shoe/intelFPGA/18.1/nios2eds/bin/gnu/H-x86_64-pc-linux-gnu/bin/../lib/gcc/nios2-elf/5.3.0/../../../../../H-x86_64-pc-linux-gnu/nios2-elf/lib/mno-hw-mul/libc.a(lib_a-printf.o)
                0x0000000008002370                printf
 .text          0x00000000080023ac        0x0 /home/shoe/intelFPGA/18.1/nios2eds/bin/gnu/H-x86_64-pc-linux-gnu/bin/../lib/gcc/nios2-elf/5.3.0/../../../../../H-x86_64-pc-linux-gnu/nios2-elf/lib/mno-hw-mul/libc.a(lib_a-puts.o)
 .text._puts_r  0x00000000080023ac       0xc0 /home/shoe/intelFPGA/18.1/nios2eds/bin/gnu/H-x86_64-pc-linux-gnu/bin/../lib/gcc/nios2-elf/5.3.0/../../../../../H-x86_64-pc-linux-gnu/nios2-elf/lib/mno-hw-mul/libc.a(lib_a-puts.o)
                0x00000000080023ac                _puts_r
 .text.puts     0x000000000800246c       0x14 /home/shoe/intelFPGA/18.1/nios2eds/bin/gnu/H-x86_64-pc-linux-gnu/bin/../lib/gcc/nios2-elf/5.3.0/../../../../../H-x86_64-pc-linux-gnu/nios2-elf/lib/mno-hw-mul/libc.a(lib_a-puts.o)
                0x000000000800246c                puts
 .text          0x0000000008002480        0x0 /home/shoe/intelFPGA/18.1/nios2eds/bin/gnu/H-x86_64-pc-linux-gnu/bin/../lib/gcc/nios2-elf/5.3.0/../../../../../H-x86_64-pc-linux-gnu/nios2-elf/lib/mno-hw-mul/libc.a(lib_a-strlen.o)
 .text.strlen   0x0000000008002480       0x98 /home/shoe/intelFPGA/18.1/nios2eds/bin/gnu/H-x86_64-pc-linux-gnu/bin/../lib/gcc/nios2-elf/5.3.0/../../../../../H-x86_64-pc-linux-gnu/nios2-elf/lib/mno-hw-mul/libc.a(lib_a-strlen.o)
                0x0000000008002480                strlen
 .text          0x0000000008002518        0x0 /home/shoe/intelFPGA/18.1/nios2eds/bin/gnu/H-x86_64-pc-linux-gnu/bin/../lib/gcc/nios2-elf/5.3.0/../../../../../H-x86_64-pc-linux-gnu/nios2-elf/lib/mno-hw-mul/libc.a(lib_a-vfprintf.o)
 .text.___vfprintf_internal_r
                0x0000000008002518     0x22dc /home/shoe/intelFPGA/18.1/nios2eds/bin/gnu/H-x86_64-pc-linux-gnu/bin/../lib/gcc/nios2-elf/5.3.0/../../../../../H-x86_64-pc-linux-gnu/nios2-elf/lib/mno-hw-mul/libc.a(lib_a-vfprintf.o)
                0x0000000008002518                ___vfprintf_internal_r
 .text.__vfprintf_internal
                0x00000000080047f4       0x1c /home/shoe/intelFPGA/18.1/nios2eds/bin/gnu/H-x86_64-pc-linux-gnu/bin/../lib/gcc/nios2-elf/5.3.0/../../../../../H-x86_64-pc-linux-gnu/nios2-elf/lib/mno-hw-mul/libc.a(lib_a-vfprintf.o)
                0x00000000080047f4                __vfprintf_internal
 .text.__sbprintf
                0x0000000008004810       0xbc /home/shoe/intelFPGA/18.1/nios2eds/bin/gnu/H-x86_64-pc-linux-gnu/bin/../lib/gcc/nios2-elf/5.3.0/../../../../../H-x86_64-pc-linux-gnu/nios2-elf/lib/mno-hw-mul/libc.a(lib_a-vfprintf.o)
 .text          0x00000000080048cc        0x0 /home/shoe/intelFPGA/18.1/nios2eds/bin/gnu/H-x86_64-pc-linux-gnu/bin/../lib/gcc/nios2-elf/5.3.0/../../../../../H-x86_64-pc-linux-gnu/nios2-elf/lib/mno-hw-mul/libc.a(lib_a-wsetup.o)
 .text.__swsetup_r
                0x00000000080048cc      0x154 /home/shoe/intelFPGA/18.1/nios2eds/bin/gnu/H-x86_64-pc-linux-gnu/bin/../lib/gcc/nios2-elf/5.3.0/../../../../../H-x86_64-pc-linux-gnu/nios2-elf/lib/mno-hw-mul/libc.a(lib_a-wsetup.o)
                0x00000000080048cc                __swsetup_r
 .text          0x0000000008004a20        0x0 /home/shoe/intelFPGA/18.1/nios2eds/bin/gnu/H-x86_64-pc-linux-gnu/bin/../lib/gcc/nios2-elf/5.3.0/../../../../../H-x86_64-pc-linux-gnu/nios2-elf/lib/mno-hw-mul/libc.a(lib_a-dtoa.o)
 .text.quorem   0x0000000008004a20      0x228 /home/shoe/intelFPGA/18.1/nios2eds/bin/gnu/H-x86_64-pc-linux-gnu/bin/../lib/gcc/nios2-elf/5.3.0/../../../../../H-x86_64-pc-linux-gnu/nios2-elf/lib/mno-hw-mul/libc.a(lib_a-dtoa.o)
 .text._dtoa_r  0x0000000008004c48     0x1688 /home/shoe/intelFPGA/18.1/nios2eds/bin/gnu/H-x86_64-pc-linux-gnu/bin/../lib/gcc/nios2-elf/5.3.0/../../../../../H-x86_64-pc-linux-gnu/nios2-elf/lib/mno-hw-mul/libc.a(lib_a-dtoa.o)
                0x0000000008004c48                _dtoa_r
 .text          0x00000000080062d0        0x0 /home/shoe/intelFPGA/18.1/nios2eds/bin/gnu/H-x86_64-pc-linux-gnu/bin/../lib/gcc/nios2-elf/5.3.0/../../../../../H-x86_64-pc-linux-gnu/nios2-elf/lib/mno-hw-mul/libc.a(lib_a-fflush.o)
 .text.__sflush_r
                0x00000000080062d0      0x21c /home/shoe/intelFPGA/18.1/nios2eds/bin/gnu/H-x86_64-pc-linux-gnu/bin/../lib/gcc/nios2-elf/5.3.0/../../../../../H-x86_64-pc-linux-gnu/nios2-elf/lib/mno-hw-mul/libc.a(lib_a-fflush.o)
                0x00000000080062d0                __sflush_r
 .text._fflush_r
                0x00000000080064ec       0x5c /home/shoe/intelFPGA/18.1/nios2eds/bin/gnu/H-x86_64-pc-linux-gnu/bin/../lib/gcc/nios2-elf/5.3.0/../../../../../H-x86_64-pc-linux-gnu/nios2-elf/lib/mno-hw-mul/libc.a(lib_a-fflush.o)
                0x00000000080064ec                _fflush_r
 .text.fflush   0x0000000008006548       0x30 /home/shoe/intelFPGA/18.1/nios2eds/bin/gnu/H-x86_64-pc-linux-gnu/bin/../lib/gcc/nios2-elf/5.3.0/../../../../../H-x86_64-pc-linux-gnu/nios2-elf/lib/mno-hw-mul/libc.a(lib_a-fflush.o)
                0x0000000008006548                fflush
 .text          0x0000000008006578        0x0 /home/shoe/intelFPGA/18.1/nios2eds/bin/gnu/H-x86_64-pc-linux-gnu/bin/../lib/gcc/nios2-elf/5.3.0/../../../../../H-x86_64-pc-linux-gnu/nios2-elf/lib/mno-hw-mul/libc.a(lib_a-findfp.o)
 .text.__fp_unlock
                0x0000000008006578        0x8 /home/shoe/intelFPGA/18.1/nios2eds/bin/gnu/H-x86_64-pc-linux-gnu/bin/../lib/gcc/nios2-elf/5.3.0/../../../../../H-x86_64-pc-linux-gnu/nios2-elf/lib/mno-hw-mul/libc.a(lib_a-findfp.o)
 .text._cleanup_r
                0x0000000008006580        0xc /home/shoe/intelFPGA/18.1/nios2eds/bin/gnu/H-x86_64-pc-linux-gnu/bin/../lib/gcc/nios2-elf/5.3.0/../../../../../H-x86_64-pc-linux-gnu/nios2-elf/lib/mno-hw-mul/libc.a(lib_a-findfp.o)
                0x0000000008006580                _cleanup_r
 .text.__sinit.part.1
                0x000000000800658c      0x19c /home/shoe/intelFPGA/18.1/nios2eds/bin/gnu/H-x86_64-pc-linux-gnu/bin/../lib/gcc/nios2-elf/5.3.0/../../../../../H-x86_64-pc-linux-gnu/nios2-elf/lib/mno-hw-mul/libc.a(lib_a-findfp.o)
 .text.__fp_lock
                0x0000000008006728        0x8 /home/shoe/intelFPGA/18.1/nios2eds/bin/gnu/H-x86_64-pc-linux-gnu/bin/../lib/gcc/nios2-elf/5.3.0/../../../../../H-x86_64-pc-linux-gnu/nios2-elf/lib/mno-hw-mul/libc.a(lib_a-findfp.o)
 .text.__sfmoreglue
                0x0000000008006730       0x78 /home/shoe/intelFPGA/18.1/nios2eds/bin/gnu/H-x86_64-pc-linux-gnu/bin/../lib/gcc/nios2-elf/5.3.0/../../../../../H-x86_64-pc-linux-gnu/nios2-elf/lib/mno-hw-mul/libc.a(lib_a-findfp.o)
                0x0000000008006730                __sfmoreglue
 .text.__sfp    0x00000000080067a8      0x118 /home/shoe/intelFPGA/18.1/nios2eds/bin/gnu/H-x86_64-pc-linux-gnu/bin/../lib/gcc/nios2-elf/5.3.0/../../../../../H-x86_64-pc-linux-gnu/nios2-elf/lib/mno-hw-mul/libc.a(lib_a-findfp.o)
                0x00000000080067a8                __sfp
 .text._cleanup
                0x00000000080068c0       0x18 /home/shoe/intelFPGA/18.1/nios2eds/bin/gnu/H-x86_64-pc-linux-gnu/bin/../lib/gcc/nios2-elf/5.3.0/../../../../../H-x86_64-pc-linux-gnu/nios2-elf/lib/mno-hw-mul/libc.a(lib_a-findfp.o)
                0x00000000080068c0                _cleanup
 .text.__sinit  0x00000000080068d8       0x10 /home/shoe/intelFPGA/18.1/nios2eds/bin/gnu/H-x86_64-pc-linux-gnu/bin/../lib/gcc/nios2-elf/5.3.0/../../../../../H-x86_64-pc-linux-gnu/nios2-elf/lib/mno-hw-mul/libc.a(lib_a-findfp.o)
                0x00000000080068d8                __sinit
 .text.__sfp_lock_acquire
                0x00000000080068e8        0x4 /home/shoe/intelFPGA/18.1/nios2eds/bin/gnu/H-x86_64-pc-linux-gnu/bin/../lib/gcc/nios2-elf/5.3.0/../../../../../H-x86_64-pc-linux-gnu/nios2-elf/lib/mno-hw-mul/libc.a(lib_a-findfp.o)
                0x00000000080068e8                __sfp_lock_acquire
 .text.__sfp_lock_release
                0x00000000080068ec        0x4 /home/shoe/intelFPGA/18.1/nios2eds/bin/gnu/H-x86_64-pc-linux-gnu/bin/../lib/gcc/nios2-elf/5.3.0/../../../../../H-x86_64-pc-linux-gnu/nios2-elf/lib/mno-hw-mul/libc.a(lib_a-findfp.o)
                0x00000000080068ec                __sfp_lock_release
 .text.__sinit_lock_acquire
                0x00000000080068f0        0x4 /home/shoe/intelFPGA/18.1/nios2eds/bin/gnu/H-x86_64-pc-linux-gnu/bin/../lib/gcc/nios2-elf/5.3.0/../../../../../H-x86_64-pc-linux-gnu/nios2-elf/lib/mno-hw-mul/libc.a(lib_a-findfp.o)
                0x00000000080068f0                __sinit_lock_acquire
 .text.__sinit_lock_release
                0x00000000080068f4        0x4 /home/shoe/intelFPGA/18.1/nios2eds/bin/gnu/H-x86_64-pc-linux-gnu/bin/../lib/gcc/nios2-elf/5.3.0/../../../../../H-x86_64-pc-linux-gnu/nios2-elf/lib/mno-hw-mul/libc.a(lib_a-findfp.o)
                0x00000000080068f4                __sinit_lock_release
 .text.__fp_lock_all
                0x00000000080068f8       0x18 /home/shoe/intelFPGA/18.1/nios2eds/bin/gnu/H-x86_64-pc-linux-gnu/bin/../lib/gcc/nios2-elf/5.3.0/../../../../../H-x86_64-pc-linux-gnu/nios2-elf/lib/mno-hw-mul/libc.a(lib_a-findfp.o)
                0x00000000080068f8                __fp_lock_all
 .text.__fp_unlock_all
                0x0000000008006910       0x18 /home/shoe/intelFPGA/18.1/nios2eds/bin/gnu/H-x86_64-pc-linux-gnu/bin/../lib/gcc/nios2-elf/5.3.0/../../../../../H-x86_64-pc-linux-gnu/nios2-elf/lib/mno-hw-mul/libc.a(lib_a-findfp.o)
                0x0000000008006910                __fp_unlock_all
 .text          0x0000000008006928        0x0 /home/shoe/intelFPGA/18.1/nios2eds/bin/gnu/H-x86_64-pc-linux-gnu/bin/../lib/gcc/nios2-elf/5.3.0/../../../../../H-x86_64-pc-linux-gnu/nios2-elf/lib/mno-hw-mul/libc.a(lib_a-freer.o)
 .text._malloc_trim_r
                0x0000000008006928      0x124 /home/shoe/intelFPGA/18.1/nios2eds/bin/gnu/H-x86_64-pc-linux-gnu/bin/../lib/gcc/nios2-elf/5.3.0/../../../../../H-x86_64-pc-linux-gnu/nios2-elf/lib/mno-hw-mul/libc.a(lib_a-freer.o)
                0x0000000008006928                _malloc_trim_r
 .text._free_r  0x0000000008006a4c      0x310 /home/shoe/intelFPGA/18.1/nios2eds/bin/gnu/H-x86_64-pc-linux-gnu/bin/../lib/gcc/nios2-elf/5.3.0/../../../../../H-x86_64-pc-linux-gnu/nios2-elf/lib/mno-hw-mul/libc.a(lib_a-freer.o)
                0x0000000008006a4c                _free_r
 .text          0x0000000008006d5c        0x0 /home/shoe/intelFPGA/18.1/nios2eds/bin/gnu/H-x86_64-pc-linux-gnu/bin/../lib/gcc/nios2-elf/5.3.0/../../../../../H-x86_64-pc-linux-gnu/nios2-elf/lib/mno-hw-mul/libc.a(lib_a-fvwrite.o)
 .text.__sfvwrite_r
                0x0000000008006d5c      0x4c8 /home/shoe/intelFPGA/18.1/nios2eds/bin/gnu/H-x86_64-pc-linux-gnu/bin/../lib/gcc/nios2-elf/5.3.0/../../../../../H-x86_64-pc-linux-gnu/nios2-elf/lib/mno-hw-mul/libc.a(lib_a-fvwrite.o)
                0x0000000008006d5c                __sfvwrite_r
 .text          0x0000000008007224        0x0 /home/shoe/intelFPGA/18.1/nios2eds/bin/gnu/H-x86_64-pc-linux-gnu/bin/../lib/gcc/nios2-elf/5.3.0/../../../../../H-x86_64-pc-linux-gnu/nios2-elf/lib/mno-hw-mul/libc.a(lib_a-fwalk.o)
 .text._fwalk   0x0000000008007224       0xc4 /home/shoe/intelFPGA/18.1/nios2eds/bin/gnu/H-x86_64-pc-linux-gnu/bin/../lib/gcc/nios2-elf/5.3.0/../../../../../H-x86_64-pc-linux-gnu/nios2-elf/lib/mno-hw-mul/libc.a(lib_a-fwalk.o)
                0x0000000008007224                _fwalk
 .text._fwalk_reent
                0x00000000080072e8       0xc4 /home/shoe/intelFPGA/18.1/nios2eds/bin/gnu/H-x86_64-pc-linux-gnu/bin/../lib/gcc/nios2-elf/5.3.0/../../../../../H-x86_64-pc-linux-gnu/nios2-elf/lib/mno-hw-mul/libc.a(lib_a-fwalk.o)
                0x00000000080072e8                _fwalk_reent
 .text          0x00000000080073ac        0x0 /home/shoe/intelFPGA/18.1/nios2eds/bin/gnu/H-x86_64-pc-linux-gnu/bin/../lib/gcc/nios2-elf/5.3.0/../../../../../H-x86_64-pc-linux-gnu/nios2-elf/lib/mno-hw-mul/libc.a(lib_a-impure.o)
 .text          0x00000000080073ac        0x0 /home/shoe/intelFPGA/18.1/nios2eds/bin/gnu/H-x86_64-pc-linux-gnu/bin/../lib/gcc/nios2-elf/5.3.0/../../../../../H-x86_64-pc-linux-gnu/nios2-elf/lib/mno-hw-mul/libc.a(lib_a-locale.o)
 .text._setlocale_r
                0x00000000080073ac       0x7c /home/shoe/intelFPGA/18.1/nios2eds/bin/gnu/H-x86_64-pc-linux-gnu/bin/../lib/gcc/nios2-elf/5.3.0/../../../../../H-x86_64-pc-linux-gnu/nios2-elf/lib/mno-hw-mul/libc.a(lib_a-locale.o)
                0x00000000080073ac                _setlocale_r
 .text.__locale_charset
                0x0000000008007428        0xc /home/shoe/intelFPGA/18.1/nios2eds/bin/gnu/H-x86_64-pc-linux-gnu/bin/../lib/gcc/nios2-elf/5.3.0/../../../../../H-x86_64-pc-linux-gnu/nios2-elf/lib/mno-hw-mul/libc.a(lib_a-locale.o)
                0x0000000008007428                __locale_charset
 .text.__locale_mb_cur_max
                0x0000000008007434       0x10 /home/shoe/intelFPGA/18.1/nios2eds/bin/gnu/H-x86_64-pc-linux-gnu/bin/../lib/gcc/nios2-elf/5.3.0/../../../../../H-x86_64-pc-linux-gnu/nios2-elf/lib/mno-hw-mul/libc.a(lib_a-locale.o)
                0x0000000008007434                __locale_mb_cur_max
 .text.__locale_msgcharset
                0x0000000008007444        0xc /home/shoe/intelFPGA/18.1/nios2eds/bin/gnu/H-x86_64-pc-linux-gnu/bin/../lib/gcc/nios2-elf/5.3.0/../../../../../H-x86_64-pc-linux-gnu/nios2-elf/lib/mno-hw-mul/libc.a(lib_a-locale.o)
                0x0000000008007444                __locale_msgcharset
 .text.__locale_cjk_lang
                0x0000000008007450        0x8 /home/shoe/intelFPGA/18.1/nios2eds/bin/gnu/H-x86_64-pc-linux-gnu/bin/../lib/gcc/nios2-elf/5.3.0/../../../../../H-x86_64-pc-linux-gnu/nios2-elf/lib/mno-hw-mul/libc.a(lib_a-locale.o)
                0x0000000008007450                __locale_cjk_lang
 .text._localeconv_r
                0x0000000008007458        0xc /home/shoe/intelFPGA/18.1/nios2eds/bin/gnu/H-x86_64-pc-linux-gnu/bin/../lib/gcc/nios2-elf/5.3.0/../../../../../H-x86_64-pc-linux-gnu/nios2-elf/lib/mno-hw-mul/libc.a(lib_a-locale.o)
                0x0000000008007458                _localeconv_r
 .text.setlocale
                0x0000000008007464       0x18 /home/shoe/intelFPGA/18.1/nios2eds/bin/gnu/H-x86_64-pc-linux-gnu/bin/../lib/gcc/nios2-elf/5.3.0/../../../../../H-x86_64-pc-linux-gnu/nios2-elf/lib/mno-hw-mul/libc.a(lib_a-locale.o)
                0x0000000008007464                setlocale
 .text.localeconv
                0x000000000800747c        0xc /home/shoe/intelFPGA/18.1/nios2eds/bin/gnu/H-x86_64-pc-linux-gnu/bin/../lib/gcc/nios2-elf/5.3.0/../../../../../H-x86_64-pc-linux-gnu/nios2-elf/lib/mno-hw-mul/libc.a(lib_a-locale.o)
                0x000000000800747c                localeconv
 .text          0x0000000008007488        0x0 /home/shoe/intelFPGA/18.1/nios2eds/bin/gnu/H-x86_64-pc-linux-gnu/bin/../lib/gcc/nios2-elf/5.3.0/../../../../../H-x86_64-pc-linux-gnu/nios2-elf/lib/mno-hw-mul/libc.a(lib_a-makebuf.o)
 .text.__smakebuf_r
                0x0000000008007488      0x1bc /home/shoe/intelFPGA/18.1/nios2eds/bin/gnu/H-x86_64-pc-linux-gnu/bin/../lib/gcc/nios2-elf/5.3.0/../../../../../H-x86_64-pc-linux-gnu/nios2-elf/lib/mno-hw-mul/libc.a(lib_a-makebuf.o)
                0x0000000008007488                __smakebuf_r
 .text          0x0000000008007644        0x0 /home/shoe/intelFPGA/18.1/nios2eds/bin/gnu/H-x86_64-pc-linux-gnu/bin/../lib/gcc/nios2-elf/5.3.0/../../../../../H-x86_64-pc-linux-gnu/nios2-elf/lib/mno-hw-mul/libc.a(lib_a-mallocr.o)
 .text._malloc_r
                0x0000000008007644      0x80c /home/shoe/intelFPGA/18.1/nios2eds/bin/gnu/H-x86_64-pc-linux-gnu/bin/../lib/gcc/nios2-elf/5.3.0/../../../../../H-x86_64-pc-linux-gnu/nios2-elf/lib/mno-hw-mul/libc.a(lib_a-mallocr.o)
                0x0000000008007644                _malloc_r
 .text          0x0000000008007e50        0x0 /home/shoe/intelFPGA/18.1/nios2eds/bin/gnu/H-x86_64-pc-linux-gnu/bin/../lib/gcc/nios2-elf/5.3.0/../../../../../H-x86_64-pc-linux-gnu/nios2-elf/lib/mno-hw-mul/libc.a(lib_a-memchr.o)
 .text.memchr   0x0000000008007e50       0xe4 /home/shoe/intelFPGA/18.1/nios2eds/bin/gnu/H-x86_64-pc-linux-gnu/bin/../lib/gcc/nios2-elf/5.3.0/../../../../../H-x86_64-pc-linux-gnu/nios2-elf/lib/mno-hw-mul/libc.a(lib_a-memchr.o)
                0x0000000008007e50                memchr
 .text          0x0000000008007f34        0x0 /home/shoe/intelFPGA/18.1/nios2eds/bin/gnu/H-x86_64-pc-linux-gnu/bin/../lib/gcc/nios2-elf/5.3.0/../../../../../H-x86_64-pc-linux-gnu/nios2-elf/lib/mno-hw-mul/libc.a(lib_a-memcpy.o)
 .text.memcpy   0x0000000008007f34      0x148 /home/shoe/intelFPGA/18.1/nios2eds/bin/gnu/H-x86_64-pc-linux-gnu/bin/../lib/gcc/nios2-elf/5.3.0/../../../../../H-x86_64-pc-linux-gnu/nios2-elf/lib/mno-hw-mul/libc.a(lib_a-memcpy.o)
                0x0000000008007f34                memcpy
 .text          0x000000000800807c        0x0 /home/shoe/intelFPGA/18.1/nios2eds/bin/gnu/H-x86_64-pc-linux-gnu/bin/../lib/gcc/nios2-elf/5.3.0/../../../../../H-x86_64-pc-linux-gnu/nios2-elf/lib/mno-hw-mul/libc.a(lib_a-memmove.o)
 .text.memmove  0x000000000800807c      0x15c /home/shoe/intelFPGA/18.1/nios2eds/bin/gnu/H-x86_64-pc-linux-gnu/bin/../lib/gcc/nios2-elf/5.3.0/../../../../../H-x86_64-pc-linux-gnu/nios2-elf/lib/mno-hw-mul/libc.a(lib_a-memmove.o)
                0x000000000800807c                memmove
 .text          0x00000000080081d8        0x0 /home/shoe/intelFPGA/18.1/nios2eds/bin/gnu/H-x86_64-pc-linux-gnu/bin/../lib/gcc/nios2-elf/5.3.0/../../../../../H-x86_64-pc-linux-gnu/nios2-elf/lib/mno-hw-mul/libc.a(lib_a-memset.o)
 .text.memset   0x00000000080081d8      0x128 /home/shoe/intelFPGA/18.1/nios2eds/bin/gnu/H-x86_64-pc-linux-gnu/bin/../lib/gcc/nios2-elf/5.3.0/../../../../../H-x86_64-pc-linux-gnu/nios2-elf/lib/mno-hw-mul/libc.a(lib_a-memset.o)
                0x00000000080081d8                memset
 .text          0x0000000008008300        0x0 /home/shoe/intelFPGA/18.1/nios2eds/bin/gnu/H-x86_64-pc-linux-gnu/bin/../lib/gcc/nios2-elf/5.3.0/../../../../../H-x86_64-pc-linux-gnu/nios2-elf/lib/mno-hw-mul/libc.a(lib_a-mprec.o)
 .text._Balloc  0x0000000008008300       0xa8 /home/shoe/intelFPGA/18.1/nios2eds/bin/gnu/H-x86_64-pc-linux-gnu/bin/../lib/gcc/nios2-elf/5.3.0/../../../../../H-x86_64-pc-linux-gnu/nios2-elf/lib/mno-hw-mul/libc.a(lib_a-mprec.o)
                0x0000000008008300                _Balloc
 .text._Bfree   0x00000000080083a8       0x28 /home/shoe/intelFPGA/18.1/nios2eds/bin/gnu/H-x86_64-pc-linux-gnu/bin/../lib/gcc/nios2-elf/5.3.0/../../../../../H-x86_64-pc-linux-gnu/nios2-elf/lib/mno-hw-mul/libc.a(lib_a-mprec.o)
                0x00000000080083a8                _Bfree
 .text.__multadd
                0x00000000080083d0      0x148 /home/shoe/intelFPGA/18.1/nios2eds/bin/gnu/H-x86_64-pc-linux-gnu/bin/../lib/gcc/nios2-elf/5.3.0/../../../../../H-x86_64-pc-linux-gnu/nios2-elf/lib/mno-hw-mul/libc.a(lib_a-mprec.o)
                0x00000000080083d0                __multadd
 .text.__s2b    0x0000000008008518      0x104 /home/shoe/intelFPGA/18.1/nios2eds/bin/gnu/H-x86_64-pc-linux-gnu/bin/../lib/gcc/nios2-elf/5.3.0/../../../../../H-x86_64-pc-linux-gnu/nios2-elf/lib/mno-hw-mul/libc.a(lib_a-mprec.o)
                0x0000000008008518                __s2b
 .text.__hi0bits
                0x000000000800861c       0x68 /home/shoe/intelFPGA/18.1/nios2eds/bin/gnu/H-x86_64-pc-linux-gnu/bin/../lib/gcc/nios2-elf/5.3.0/../../../../../H-x86_64-pc-linux-gnu/nios2-elf/lib/mno-hw-mul/libc.a(lib_a-mprec.o)
                0x000000000800861c                __hi0bits
 .text.__lo0bits
                0x0000000008008684       0xb0 /home/shoe/intelFPGA/18.1/nios2eds/bin/gnu/H-x86_64-pc-linux-gnu/bin/../lib/gcc/nios2-elf/5.3.0/../../../../../H-x86_64-pc-linux-gnu/nios2-elf/lib/mno-hw-mul/libc.a(lib_a-mprec.o)
                0x0000000008008684                __lo0bits
 .text.__i2b    0x0000000008008734       0x3c /home/shoe/intelFPGA/18.1/nios2eds/bin/gnu/H-x86_64-pc-linux-gnu/bin/../lib/gcc/nios2-elf/5.3.0/../../../../../H-x86_64-pc-linux-gnu/nios2-elf/lib/mno-hw-mul/libc.a(lib_a-mprec.o)
                0x0000000008008734                __i2b
 .text.__multiply
                0x0000000008008770      0x28c /home/shoe/intelFPGA/18.1/nios2eds/bin/gnu/H-x86_64-pc-linux-gnu/bin/../lib/gcc/nios2-elf/5.3.0/../../../../../H-x86_64-pc-linux-gnu/nios2-elf/lib/mno-hw-mul/libc.a(lib_a-mprec.o)
                0x0000000008008770                __multiply
 .text.__pow5mult
                0x00000000080089fc      0x140 /home/shoe/intelFPGA/18.1/nios2eds/bin/gnu/H-x86_64-pc-linux-gnu/bin/../lib/gcc/nios2-elf/5.3.0/../../../../../H-x86_64-pc-linux-gnu/nios2-elf/lib/mno-hw-mul/libc.a(lib_a-mprec.o)
                0x00000000080089fc                __pow5mult
 .text.__lshift
                0x0000000008008b3c      0x148 /home/shoe/intelFPGA/18.1/nios2eds/bin/gnu/H-x86_64-pc-linux-gnu/bin/../lib/gcc/nios2-elf/5.3.0/../../../../../H-x86_64-pc-linux-gnu/nios2-elf/lib/mno-hw-mul/libc.a(lib_a-mprec.o)
                0x0000000008008b3c                __lshift
 .text.__mcmp   0x0000000008008c84       0x60 /home/shoe/intelFPGA/18.1/nios2eds/bin/gnu/H-x86_64-pc-linux-gnu/bin/../lib/gcc/nios2-elf/5.3.0/../../../../../H-x86_64-pc-linux-gnu/nios2-elf/lib/mno-hw-mul/libc.a(lib_a-mprec.o)
                0x0000000008008c84                __mcmp
 .text.__mdiff  0x0000000008008ce4      0x1fc /home/shoe/intelFPGA/18.1/nios2eds/bin/gnu/H-x86_64-pc-linux-gnu/bin/../lib/gcc/nios2-elf/5.3.0/../../../../../H-x86_64-pc-linux-gnu/nios2-elf/lib/mno-hw-mul/libc.a(lib_a-mprec.o)
                0x0000000008008ce4                __mdiff
 .text.__ulp    0x0000000008008ee0       0x64 /home/shoe/intelFPGA/18.1/nios2eds/bin/gnu/H-x86_64-pc-linux-gnu/bin/../lib/gcc/nios2-elf/5.3.0/../../../../../H-x86_64-pc-linux-gnu/nios2-elf/lib/mno-hw-mul/libc.a(lib_a-mprec.o)
                0x0000000008008ee0                __ulp
 .text.__b2d    0x0000000008008f44      0x10c /home/shoe/intelFPGA/18.1/nios2eds/bin/gnu/H-x86_64-pc-linux-gnu/bin/../lib/gcc/nios2-elf/5.3.0/../../../../../H-x86_64-pc-linux-gnu/nios2-elf/lib/mno-hw-mul/libc.a(lib_a-mprec.o)
                0x0000000008008f44                __b2d
 .text.__d2b    0x0000000008009050      0x14c /home/shoe/intelFPGA/18.1/nios2eds/bin/gnu/H-x86_64-pc-linux-gnu/bin/../lib/gcc/nios2-elf/5.3.0/../../../../../H-x86_64-pc-linux-gnu/nios2-elf/lib/mno-hw-mul/libc.a(lib_a-mprec.o)
                0x0000000008009050                __d2b
 .text.__ratio  0x000000000800919c       0xa4 /home/shoe/intelFPGA/18.1/nios2eds/bin/gnu/H-x86_64-pc-linux-gnu/bin/../lib/gcc/nios2-elf/5.3.0/../../../../../H-x86_64-pc-linux-gnu/nios2-elf/lib/mno-hw-mul/libc.a(lib_a-mprec.o)
                0x000000000800919c                __ratio
 .text._mprec_log10
                0x0000000008009240       0x74 /home/shoe/intelFPGA/18.1/nios2eds/bin/gnu/H-x86_64-pc-linux-gnu/bin/../lib/gcc/nios2-elf/5.3.0/../../../../../H-x86_64-pc-linux-gnu/nios2-elf/lib/mno-hw-mul/libc.a(lib_a-mprec.o)
                0x0000000008009240                _mprec_log10
 .text.__copybits
                0x00000000080092b4       0x78 /home/shoe/intelFPGA/18.1/nios2eds/bin/gnu/H-x86_64-pc-linux-gnu/bin/../lib/gcc/nios2-elf/5.3.0/../../../../../H-x86_64-pc-linux-gnu/nios2-elf/lib/mno-hw-mul/libc.a(lib_a-mprec.o)
                0x00000000080092b4                __copybits
 .text.__any_on
                0x000000000800932c       0x8c /home/shoe/intelFPGA/18.1/nios2eds/bin/gnu/H-x86_64-pc-linux-gnu/bin/../lib/gcc/nios2-elf/5.3.0/../../../../../H-x86_64-pc-linux-gnu/nios2-elf/lib/mno-hw-mul/libc.a(lib_a-mprec.o)
                0x000000000800932c                __any_on
 .text          0x00000000080093b8        0x0 /home/shoe/intelFPGA/18.1/nios2eds/bin/gnu/H-x86_64-pc-linux-gnu/bin/../lib/gcc/nios2-elf/5.3.0/../../../../../H-x86_64-pc-linux-gnu/nios2-elf/lib/mno-hw-mul/libc.a(lib_a-reallocr.o)
 .text._realloc_r
                0x00000000080093b8      0x564 /home/shoe/intelFPGA/18.1/nios2eds/bin/gnu/H-x86_64-pc-linux-gnu/bin/../lib/gcc/nios2-elf/5.3.0/../../../../../H-x86_64-pc-linux-gnu/nios2-elf/lib/mno-hw-mul/libc.a(lib_a-reallocr.o)
                0x00000000080093b8                _realloc_r
 .text          0x000000000800991c        0x0 /home/shoe/intelFPGA/18.1/nios2eds/bin/gnu/H-x86_64-pc-linux-gnu/bin/../lib/gcc/nios2-elf/5.3.0/../../../../../H-x86_64-pc-linux-gnu/nios2-elf/lib/mno-hw-mul/libc.a(lib_a-s_fpclassify.o)
 .text.__fpclassifyd
                0x000000000800991c       0x74 /home/shoe/intelFPGA/18.1/nios2eds/bin/gnu/H-x86_64-pc-linux-gnu/bin/../lib/gcc/nios2-elf/5.3.0/../../../../../H-x86_64-pc-linux-gnu/nios2-elf/lib/mno-hw-mul/libc.a(lib_a-s_fpclassify.o)
                0x000000000800991c                __fpclassifyd
 .text          0x0000000008009990        0x0 /home/shoe/intelFPGA/18.1/nios2eds/bin/gnu/H-x86_64-pc-linux-gnu/bin/../lib/gcc/nios2-elf/5.3.0/../../../../../H-x86_64-pc-linux-gnu/nios2-elf/lib/mno-hw-mul/libc.a(lib_a-sbrkr.o)
 .text._sbrk_r  0x0000000008009990       0x54 /home/shoe/intelFPGA/18.1/nios2eds/bin/gnu/H-x86_64-pc-linux-gnu/bin/../lib/gcc/nios2-elf/5.3.0/../../../../../H-x86_64-pc-linux-gnu/nios2-elf/lib/mno-hw-mul/libc.a(lib_a-sbrkr.o)
                0x0000000008009990                _sbrk_r
 .text          0x00000000080099e4        0x0 /home/shoe/intelFPGA/18.1/nios2eds/bin/gnu/H-x86_64-pc-linux-gnu/bin/../lib/gcc/nios2-elf/5.3.0/../../../../../H-x86_64-pc-linux-gnu/nios2-elf/lib/mno-hw-mul/libc.a(lib_a-stdio.o)
 .text.__sread  0x00000000080099e4       0x54 /home/shoe/intelFPGA/18.1/nios2eds/bin/gnu/H-x86_64-pc-linux-gnu/bin/../lib/gcc/nios2-elf/5.3.0/../../../../../H-x86_64-pc-linux-gnu/nios2-elf/lib/mno-hw-mul/libc.a(lib_a-stdio.o)
                0x00000000080099e4                __sread
 .text.__seofread
                0x0000000008009a38        0x8 /home/shoe/intelFPGA/18.1/nios2eds/bin/gnu/H-x86_64-pc-linux-gnu/bin/../lib/gcc/nios2-elf/5.3.0/../../../../../H-x86_64-pc-linux-gnu/nios2-elf/lib/mno-hw-mul/libc.a(lib_a-stdio.o)
                0x0000000008009a38                __seofread
 .text.__swrite
                0x0000000008009a40       0x7c /home/shoe/intelFPGA/18.1/nios2eds/bin/gnu/H-x86_64-pc-linux-gnu/bin/../lib/gcc/nios2-elf/5.3.0/../../../../../H-x86_64-pc-linux-gnu/nios2-elf/lib/mno-hw-mul/libc.a(lib_a-stdio.o)
                0x0000000008009a40                __swrite
 .text.__sseek  0x0000000008009abc       0x5c /home/shoe/intelFPGA/18.1/nios2eds/bin/gnu/H-x86_64-pc-linux-gnu/bin/../lib/gcc/nios2-elf/5.3.0/../../../../../H-x86_64-pc-linux-gnu/nios2-elf/lib/mno-hw-mul/libc.a(lib_a-stdio.o)
                0x0000000008009abc                __sseek
 .text.__sclose
                0x0000000008009b18        0x8 /home/shoe/intelFPGA/18.1/nios2eds/bin/gnu/H-x86_64-pc-linux-gnu/bin/../lib/gcc/nios2-elf/5.3.0/../../../../../H-x86_64-pc-linux-gnu/nios2-elf/lib/mno-hw-mul/libc.a(lib_a-stdio.o)
                0x0000000008009b18                __sclose
 .text          0x0000000008009b20        0x0 /home/shoe/intelFPGA/18.1/nios2eds/bin/gnu/H-x86_64-pc-linux-gnu/bin/../lib/gcc/nios2-elf/5.3.0/../../../../../H-x86_64-pc-linux-gnu/nios2-elf/lib/mno-hw-mul/libc.a(lib_a-strcmp.o)
 .text.strcmp   0x0000000008009b20       0xdc /home/shoe/intelFPGA/18.1/nios2eds/bin/gnu/H-x86_64-pc-linux-gnu/bin/../lib/gcc/nios2-elf/5.3.0/../../../../../H-x86_64-pc-linux-gnu/nios2-elf/lib/mno-hw-mul/libc.a(lib_a-strcmp.o)
                0x0000000008009b20                strcmp
 .text          0x0000000008009bfc        0x0 /home/shoe/intelFPGA/18.1/nios2eds/bin/gnu/H-x86_64-pc-linux-gnu/bin/../lib/gcc/nios2-elf/5.3.0/../../../../../H-x86_64-pc-linux-gnu/nios2-elf/lib/mno-hw-mul/libc.a(lib_a-vfiprintf.o)
 .text.__sprint_r.part.0
                0x0000000008009bfc       0xfc /home/shoe/intelFPGA/18.1/nios2eds/bin/gnu/H-x86_64-pc-linux-gnu/bin/../lib/gcc/nios2-elf/5.3.0/../../../../../H-x86_64-pc-linux-gnu/nios2-elf/lib/mno-hw-mul/libc.a(lib_a-vfiprintf.o)
 .text.__sprint_r
                0x0000000008009cf8       0x18 /home/shoe/intelFPGA/18.1/nios2eds/bin/gnu/H-x86_64-pc-linux-gnu/bin/../lib/gcc/nios2-elf/5.3.0/../../../../../H-x86_64-pc-linux-gnu/nios2-elf/lib/mno-hw-mul/libc.a(lib_a-vfiprintf.o)
                0x0000000008009cf8                __sprint_r
 .text.___vfiprintf_internal_r
                0x0000000008009d10     0x150c /home/shoe/intelFPGA/18.1/nios2eds/bin/gnu/H-x86_64-pc-linux-gnu/bin/../lib/gcc/nios2-elf/5.3.0/../../../../../H-x86_64-pc-linux-gnu/nios2-elf/lib/mno-hw-mul/libc.a(lib_a-vfiprintf.o)
                0x0000000008009d10                ___vfiprintf_internal_r
 .text.__vfiprintf_internal
                0x000000000800b21c       0x1c /home/shoe/intelFPGA/18.1/nios2eds/bin/gnu/H-x86_64-pc-linux-gnu/bin/../lib/gcc/nios2-elf/5.3.0/../../../../../H-x86_64-pc-linux-gnu/nios2-elf/lib/mno-hw-mul/libc.a(lib_a-vfiprintf.o)
                0x000000000800b21c                __vfiprintf_internal
 .text.__sbprintf
                0x000000000800b238       0xbc /home/shoe/intelFPGA/18.1/nios2eds/bin/gnu/H-x86_64-pc-linux-gnu/bin/../lib/gcc/nios2-elf/5.3.0/../../../../../H-x86_64-pc-linux-gnu/nios2-elf/lib/mno-hw-mul/libc.a(lib_a-vfiprintf.o)
 .text          0x000000000800b2f4        0x0 /home/shoe/intelFPGA/18.1/nios2eds/bin/gnu/H-x86_64-pc-linux-gnu/bin/../lib/gcc/nios2-elf/5.3.0/../../../../../H-x86_64-pc-linux-gnu/nios2-elf/lib/mno-hw-mul/libc.a(lib_a-writer.o)
 .text._write_r
                0x000000000800b2f4       0x60 /home/shoe/intelFPGA/18.1/nios2eds/bin/gnu/H-x86_64-pc-linux-gnu/bin/../lib/gcc/nios2-elf/5.3.0/../../../../../H-x86_64-pc-linux-gnu/nios2-elf/lib/mno-hw-mul/libc.a(lib_a-writer.o)
                0x000000000800b2f4                _write_r
 .text          0x000000000800b354        0x0 /home/shoe/intelFPGA/18.1/nios2eds/bin/gnu/H-x86_64-pc-linux-gnu/bin/../lib/gcc/nios2-elf/5.3.0/../../../../../H-x86_64-pc-linux-gnu/nios2-elf/lib/mno-hw-mul/libc.a(closer.o)
 .text._close_r
                0x000000000800b354       0x54 /home/shoe/intelFPGA/18.1/nios2eds/bin/gnu/H-x86_64-pc-linux-gnu/bin/../lib/gcc/nios2-elf/5.3.0/../../../../../H-x86_64-pc-linux-gnu/nios2-elf/lib/mno-hw-mul/libc.a(closer.o)
                0x000000000800b354                _close_r
 .text          0x000000000800b3a8        0x0 /home/shoe/intelFPGA/18.1/nios2eds/bin/gnu/H-x86_64-pc-linux-gnu/bin/../lib/gcc/nios2-elf/5.3.0/../../../../../H-x86_64-pc-linux-gnu/nios2-elf/lib/mno-hw-mul/libc.a(lib_a-callocr.o)
 .text._calloc_r
                0x000000000800b3a8       0xdc /home/shoe/intelFPGA/18.1/nios2eds/bin/gnu/H-x86_64-pc-linux-gnu/bin/../lib/gcc/nios2-elf/5.3.0/../../../../../H-x86_64-pc-linux-gnu/nios2-elf/lib/mno-hw-mul/libc.a(lib_a-callocr.o)
                0x000000000800b3a8                _calloc_r
 .text          0x000000000800b484        0x0 /home/shoe/intelFPGA/18.1/nios2eds/bin/gnu/H-x86_64-pc-linux-gnu/bin/../lib/gcc/nios2-elf/5.3.0/../../../../../H-x86_64-pc-linux-gnu/nios2-elf/lib/mno-hw-mul/libc.a(lib_a-fclose.o)
 .text._fclose_r
                0x000000000800b484       0xf0 /home/shoe/intelFPGA/18.1/nios2eds/bin/gnu/H-x86_64-pc-linux-gnu/bin/../lib/gcc/nios2-elf/5.3.0/../../../../../H-x86_64-pc-linux-gnu/nios2-elf/lib/mno-hw-mul/libc.a(lib_a-fclose.o)
                0x000000000800b484                _fclose_r
 .text.fclose   0x000000000800b574       0x14 /home/shoe/intelFPGA/18.1/nios2eds/bin/gnu/H-x86_64-pc-linux-gnu/bin/../lib/gcc/nios2-elf/5.3.0/../../../../../H-x86_64-pc-linux-gnu/nios2-elf/lib/mno-hw-mul/libc.a(lib_a-fclose.o)
                0x000000000800b574                fclose
 .text          0x000000000800b588        0x0 /home/shoe/intelFPGA/18.1/nios2eds/bin/gnu/H-x86_64-pc-linux-gnu/bin/../lib/gcc/nios2-elf/5.3.0/../../../../../H-x86_64-pc-linux-gnu/nios2-elf/lib/mno-hw-mul/libc.a(lib_a-fputwc.o)
 .text.__fputwc
                0x000000000800b588      0x164 /home/shoe/intelFPGA/18.1/nios2eds/bin/gnu/H-x86_64-pc-linux-gnu/bin/../lib/gcc/nios2-elf/5.3.0/../../../../../H-x86_64-pc-linux-gnu/nios2-elf/lib/mno-hw-mul/libc.a(lib_a-fputwc.o)
                0x000000000800b588                __fputwc
 .text._fputwc_r
                0x000000000800b6ec       0x24 /home/shoe/intelFPGA/18.1/nios2eds/bin/gnu/H-x86_64-pc-linux-gnu/bin/../lib/gcc/nios2-elf/5.3.0/../../../../../H-x86_64-pc-linux-gnu/nios2-elf/lib/mno-hw-mul/libc.a(lib_a-fputwc.o)
                0x000000000800b6ec                _fputwc_r
 .text.fputwc   0x000000000800b710       0x80 /home/shoe/intelFPGA/18.1/nios2eds/bin/gnu/H-x86_64-pc-linux-gnu/bin/../lib/gcc/nios2-elf/5.3.0/../../../../../H-x86_64-pc-linux-gnu/nios2-elf/lib/mno-hw-mul/libc.a(lib_a-fputwc.o)
                0x000000000800b710                fputwc
 .text          0x000000000800b790        0x0 /home/shoe/intelFPGA/18.1/nios2eds/bin/gnu/H-x86_64-pc-linux-gnu/bin/../lib/gcc/nios2-elf/5.3.0/../../../../../H-x86_64-pc-linux-gnu/nios2-elf/lib/mno-hw-mul/libc.a(lib_a-fstatr.o)
 .text._fstat_r
                0x000000000800b790       0x5c /home/shoe/intelFPGA/18.1/nios2eds/bin/gnu/H-x86_64-pc-linux-gnu/bin/../lib/gcc/nios2-elf/5.3.0/../../../../../H-x86_64-pc-linux-gnu/nios2-elf/lib/mno-hw-mul/libc.a(lib_a-fstatr.o)
                0x000000000800b790                _fstat_r
 .text          0x000000000800b7ec        0x0 /home/shoe/intelFPGA/18.1/nios2eds/bin/gnu/H-x86_64-pc-linux-gnu/bin/../lib/gcc/nios2-elf/5.3.0/../../../../../H-x86_64-pc-linux-gnu/nios2-elf/lib/mno-hw-mul/libc.a(lib_a-int_errno.o)
 .text          0x000000000800b7ec        0x0 /home/shoe/intelFPGA/18.1/nios2eds/bin/gnu/H-x86_64-pc-linux-gnu/bin/../lib/gcc/nios2-elf/5.3.0/../../../../../H-x86_64-pc-linux-gnu/nios2-elf/lib/mno-hw-mul/libc.a(lib_a-isattyr.o)
 .text._isatty_r
                0x000000000800b7ec       0x54 /home/shoe/intelFPGA/18.1/nios2eds/bin/gnu/H-x86_64-pc-linux-gnu/bin/../lib/gcc/nios2-elf/5.3.0/../../../../../H-x86_64-pc-linux-gnu/nios2-elf/lib/mno-hw-mul/libc.a(lib_a-isattyr.o)
                0x000000000800b7ec                _isatty_r
 .text          0x000000000800b840        0x0 /home/shoe/intelFPGA/18.1/nios2eds/bin/gnu/H-x86_64-pc-linux-gnu/bin/../lib/gcc/nios2-elf/5.3.0/../../../../../H-x86_64-pc-linux-gnu/nios2-elf/lib/mno-hw-mul/libc.a(lib_a-lseekr.o)
 .text._lseek_r
                0x000000000800b840       0x60 /home/shoe/intelFPGA/18.1/nios2eds/bin/gnu/H-x86_64-pc-linux-gnu/bin/../lib/gcc/nios2-elf/5.3.0/../../../../../H-x86_64-pc-linux-gnu/nios2-elf/lib/mno-hw-mul/libc.a(lib_a-lseekr.o)
                0x000000000800b840                _lseek_r
 .text          0x000000000800b8a0        0x0 /home/shoe/intelFPGA/18.1/nios2eds/bin/gnu/H-x86_64-pc-linux-gnu/bin/../lib/gcc/nios2-elf/5.3.0/../../../../../H-x86_64-pc-linux-gnu/nios2-elf/lib/mno-hw-mul/libc.a(lib_a-readr.o)
 .text._read_r  0x000000000800b8a0       0x60 /home/shoe/intelFPGA/18.1/nios2eds/bin/gnu/H-x86_64-pc-linux-gnu/bin/../lib/gcc/nios2-elf/5.3.0/../../../../../H-x86_64-pc-linux-gnu/nios2-elf/lib/mno-hw-mul/libc.a(lib_a-readr.o)
                0x000000000800b8a0                _read_r
 .text          0x000000000800b900        0x0 /home/shoe/intelFPGA/18.1/nios2eds/bin/gnu/H-x86_64-pc-linux-gnu/bin/../lib/gcc/nios2-elf/5.3.0/../../../../../H-x86_64-pc-linux-gnu/nios2-elf/lib/mno-hw-mul/libc.a(lib_a-wbuf.o)
 .text.__swbuf_r
                0x000000000800b900      0x140 /home/shoe/intelFPGA/18.1/nios2eds/bin/gnu/H-x86_64-pc-linux-gnu/bin/../lib/gcc/nios2-elf/5.3.0/../../../../../H-x86_64-pc-linux-gnu/nios2-elf/lib/mno-hw-mul/libc.a(lib_a-wbuf.o)
                0x000000000800b900                __swbuf_r
 .text.__swbuf  0x000000000800ba40       0x18 /home/shoe/intelFPGA/18.1/nios2eds/bin/gnu/H-x86_64-pc-linux-gnu/bin/../lib/gcc/nios2-elf/5.3.0/../../../../../H-x86_64-pc-linux-gnu/nios2-elf/lib/mno-hw-mul/libc.a(lib_a-wbuf.o)
                0x000000000800ba40                __swbuf
 .text          0x000000000800ba58        0x0 /home/shoe/intelFPGA/18.1/nios2eds/bin/gnu/H-x86_64-pc-linux-gnu/bin/../lib/gcc/nios2-elf/5.3.0/../../../../../H-x86_64-pc-linux-gnu/nios2-elf/lib/mno-hw-mul/libc.a(lib_a-wcrtomb.o)
 .text._wcrtomb_r
                0x000000000800ba58       0x9c /home/shoe/intelFPGA/18.1/nios2eds/bin/gnu/H-x86_64-pc-linux-gnu/bin/../lib/gcc/nios2-elf/5.3.0/../../../../../H-x86_64-pc-linux-gnu/nios2-elf/lib/mno-hw-mul/libc.a(lib_a-wcrtomb.o)
                0x000000000800ba58                _wcrtomb_r
 .text.wcrtomb  0x000000000800baf4       0xc0 /home/shoe/intelFPGA/18.1/nios2eds/bin/gnu/H-x86_64-pc-linux-gnu/bin/../lib/gcc/nios2-elf/5.3.0/../../../../../H-x86_64-pc-linux-gnu/nios2-elf/lib/mno-hw-mul/libc.a(lib_a-wcrtomb.o)
                0x000000000800baf4                wcrtomb
 .text          0x000000000800bbb4        0x0 /home/shoe/intelFPGA/18.1/nios2eds/bin/gnu/H-x86_64-pc-linux-gnu/bin/../lib/gcc/nios2-elf/5.3.0/../../../../../H-x86_64-pc-linux-gnu/nios2-elf/lib/mno-hw-mul/libc.a(lib_a-wctomb_r.o)
 .text.__ascii_wctomb
                0x000000000800bbb4       0x30 /home/shoe/intelFPGA/18.1/nios2eds/bin/gnu/H-x86_64-pc-linux-gnu/bin/../lib/gcc/nios2-elf/5.3.0/../../../../../H-x86_64-pc-linux-gnu/nios2-elf/lib/mno-hw-mul/libc.a(lib_a-wctomb_r.o)
                0x000000000800bbb4                __ascii_wctomb
 .text._wctomb_r
                0x000000000800bbe4       0x5c /home/shoe/intelFPGA/18.1/nios2eds/bin/gnu/H-x86_64-pc-linux-gnu/bin/../lib/gcc/nios2-elf/5.3.0/../../../../../H-x86_64-pc-linux-gnu/nios2-elf/lib/mno-hw-mul/libc.a(lib_a-wctomb_r.o)
                0x000000000800bbe4                _wctomb_r
 .text          0x000000000800bc40      0x5fc /home/shoe/intelFPGA/18.1/nios2eds/bin/gnu/H-x86_64-pc-linux-gnu/bin/../lib/gcc/nios2-elf/5.3.0/mno-hw-mul/libgcc.a(_udivdi3.o)
                0x000000000800bc40                __udivdi3
 .text          0x000000000800c23c      0x5c4 /home/shoe/intelFPGA/18.1/nios2eds/bin/gnu/H-x86_64-pc-linux-gnu/bin/../lib/gcc/nios2-elf/5.3.0/mno-hw-mul/libgcc.a(_umoddi3.o)
                0x000000000800c23c                __umoddi3
 .text          0x000000000800c800      0x1b4 /home/shoe/intelFPGA/18.1/nios2eds/bin/gnu/H-x86_64-pc-linux-gnu/bin/../lib/gcc/nios2-elf/5.3.0/mno-hw-mul/libgcc.a(lib2-divmod.o)
                0x000000000800c800                __divsi3
                0x000000000800c884                __modsi3
                0x000000000800c8f8                __udivsi3
                0x000000000800c95c                __umodsi3
 .text          0x000000000800c9b4       0x28 /home/shoe/intelFPGA/18.1/nios2eds/bin/gnu/H-x86_64-pc-linux-gnu/bin/../lib/gcc/nios2-elf/5.3.0/mno-hw-mul/libgcc.a(lib2-mul.o)
                0x000000000800c9b4                __mulsi3
 .text          0x000000000800c9dc      0x8ac /home/shoe/intelFPGA/18.1/nios2eds/bin/gnu/H-x86_64-pc-linux-gnu/bin/../lib/gcc/nios2-elf/5.3.0/mno-hw-mul/libgcc.a(adddf3.o)
                0x000000000800c9dc                __adddf3
 .text          0x000000000800d288      0x9d0 /home/shoe/intelFPGA/18.1/nios2eds/bin/gnu/H-x86_64-pc-linux-gnu/bin/../lib/gcc/nios2-elf/5.3.0/mno-hw-mul/libgcc.a(divdf3.o)
                0x000000000800d288                __divdf3
 .text          0x000000000800dc58       0x88 /home/shoe/intelFPGA/18.1/nios2eds/bin/gnu/H-x86_64-pc-linux-gnu/bin/../lib/gcc/nios2-elf/5.3.0/mno-hw-mul/libgcc.a(eqdf2.o)
                0x000000000800dc58                __eqdf2
                0x000000000800dc58                __nedf2
 .text          0x000000000800dce0       0xdc /home/shoe/intelFPGA/18.1/nios2eds/bin/gnu/H-x86_64-pc-linux-gnu/bin/../lib/gcc/nios2-elf/5.3.0/mno-hw-mul/libgcc.a(gedf2.o)
                0x000000000800dce0                __gtdf2
                0x000000000800dce0                __gedf2
 .text          0x000000000800ddbc       0xf4 /home/shoe/intelFPGA/18.1/nios2eds/bin/gnu/H-x86_64-pc-linux-gnu/bin/../lib/gcc/nios2-elf/5.3.0/mno-hw-mul/libgcc.a(ledf2.o)
                0x000000000800ddbc                __ltdf2
                0x000000000800ddbc                __ledf2
 .text          0x000000000800deb0      0x86c /home/shoe/intelFPGA/18.1/nios2eds/bin/gnu/H-x86_64-pc-linux-gnu/bin/../lib/gcc/nios2-elf/5.3.0/mno-hw-mul/libgcc.a(muldf3.o)
                0x000000000800deb0                __muldf3
 .text          0x000000000800e71c      0x8fc /home/shoe/intelFPGA/18.1/nios2eds/bin/gnu/H-x86_64-pc-linux-gnu/bin/../lib/gcc/nios2-elf/5.3.0/mno-hw-mul/libgcc.a(subdf3.o)
                0x000000000800e71c                __subdf3
 .text          0x000000000800f018       0x80 /home/shoe/intelFPGA/18.1/nios2eds/bin/gnu/H-x86_64-pc-linux-gnu/bin/../lib/gcc/nios2-elf/5.3.0/mno-hw-mul/libgcc.a(fixdfsi.o)
                0x000000000800f018                __fixdfsi
 .text          0x000000000800f098       0xdc /home/shoe/intelFPGA/18.1/nios2eds/bin/gnu/H-x86_64-pc-linux-gnu/bin/../lib/gcc/nios2-elf/5.3.0/mno-hw-mul/libgcc.a(floatsidf.o)
                0x000000000800f098                __floatsidf
 .text          0x000000000800f174       0xa8 /home/shoe/intelFPGA/18.1/nios2eds/bin/gnu/H-x86_64-pc-linux-gnu/bin/../lib/gcc/nios2-elf/5.3.0/mno-hw-mul/libgcc.a(floatunsidf.o)
                0x000000000800f174                __floatunsidf
 .text          0x000000000800f21c        0x0 /home/shoe/intelFPGA/18.1/nios2eds/bin/gnu/H-x86_64-pc-linux-gnu/bin/../lib/gcc/nios2-elf/5.3.0/mno-hw-mul/libgcc.a(_clz.o)
 .text          0x000000000800f21c       0x64 /home/shoe/intelFPGA/18.1/nios2eds/bin/gnu/H-x86_64-pc-linux-gnu/bin/../lib/gcc/nios2-elf/5.3.0/mno-hw-mul/libgcc.a(_clzsi2.o)
                0x000000000800f21c                __clzsi2
 .text          0x000000000800f280      0x114 ../usb_kb_bsp//libhal_bsp.a(alt_close.o)
                0x000000000800f2bc                close
 .text          0x000000000800f394       0x2c ../usb_kb_bsp//libhal_bsp.a(alt_dev.o)
 .text          0x000000000800f3c0        0x0 ../usb_kb_bsp//libhal_bsp.a(alt_errno.o)
 .text          0x000000000800f3c0       0xf4 ../usb_kb_bsp//libhal_bsp.a(alt_fstat.o)
                0x000000000800f3fc                fstat
 .text          0x000000000800f4b4       0xe8 ../usb_kb_bsp//libhal_bsp.a(alt_isatty.o)
                0x000000000800f4f0                isatty
 .text          0x000000000800f59c       0xec ../usb_kb_bsp//libhal_bsp.a(alt_load.o)
                0x000000000800f604                alt_load
 .text          0x000000000800f688      0x118 ../usb_kb_bsp//libhal_bsp.a(alt_lseek.o)
                0x000000000800f6c4                lseek
 .text          0x000000000800f7a0       0x7c ../usb_kb_bsp//libhal_bsp.a(alt_main.o)
                0x000000000800f7a0                alt_main
 .text          0x000000000800f81c       0x48 ../usb_kb_bsp//libhal_bsp.a(alt_malloc_lock.o)
                0x000000000800f81c                __malloc_lock
                0x000000000800f840                __malloc_unlock
 .text          0x000000000800f864      0x140 ../usb_kb_bsp//libhal_bsp.a(alt_read.o)
                0x000000000800f8a0                read
 .text          0x000000000800f9a4       0x84 ../usb_kb_bsp//libhal_bsp.a(alt_release_fd.o)
                0x000000000800f9a4                alt_release_fd
 .text          0x000000000800fa28       0xb0 ../usb_kb_bsp//libhal_bsp.a(alt_sbrk.o)
                0x000000000800fa28                sbrk
 .text          0x000000000800fad8       0x30 ../usb_kb_bsp//libhal_bsp.a(alt_usleep.o)
                0x000000000800fad8                usleep
 .text          0x000000000800fb08      0x13c ../usb_kb_bsp//libhal_bsp.a(alt_write.o)
                0x000000000800fb44                write
 .text          0x000000000800fc44       0xb8 ../usb_kb_bsp//libhal_bsp.a(alt_sys_init.o)
                0x000000000800fc78                alt_irq_init
                0x000000000800fcb0                alt_sys_init
 .text          0x000000000800fcfc      0x164 ../usb_kb_bsp//libhal_bsp.a(altera_avalon_jtag_uart_fd.o)
                0x000000000800fcfc                altera_avalon_jtag_uart_read_fd
                0x000000000800fd5c                altera_avalon_jtag_uart_write_fd
                0x000000000800fdbc                altera_avalon_jtag_uart_close_fd
                0x000000000800fe0c                altera_avalon_jtag_uart_ioctl_fd
 .text          0x000000000800fe60      0x3d4 ../usb_kb_bsp//libhal_bsp.a(altera_avalon_jtag_uart_init.o)
                0x000000000800fe60                altera_avalon_jtag_uart_init
                0x00000000080101cc                altera_avalon_jtag_uart_close
 .text          0x0000000008010234       0xf0 ../usb_kb_bsp//libhal_bsp.a(altera_avalon_jtag_uart_ioctl.o)
                0x0000000008010234                altera_avalon_jtag_uart_ioctl
 .text          0x0000000008010324      0x21c ../usb_kb_bsp//libhal_bsp.a(altera_avalon_jtag_uart_read.o)
                0x0000000008010324                altera_avalon_jtag_uart_read
 .text          0x0000000008010540      0x224 ../usb_kb_bsp//libhal_bsp.a(altera_avalon_jtag_uart_write.o)
                0x0000000008010540                altera_avalon_jtag_uart_write
 .text          0x0000000008010764      0x12c ../usb_kb_bsp//libhal_bsp.a(alt_alarm_start.o)
                0x0000000008010764                alt_alarm_start
 .text          0x0000000008010890      0x158 ../usb_kb_bsp//libhal_bsp.a(alt_busy_sleep.o)
                0x0000000008010890                alt_busy_sleep
 .text          0x00000000080109e8       0x20 ../usb_kb_bsp//libhal_bsp.a(alt_dcache_flush_all.o)
                0x00000000080109e8                alt_dcache_flush_all
 .text          0x0000000008010a08       0xe0 ../usb_kb_bsp//libhal_bsp.a(alt_dev_llist_insert.o)
                0x0000000008010a44                alt_dev_llist_insert
 .text          0x0000000008010ae8       0x60 ../usb_kb_bsp//libhal_bsp.a(alt_do_ctors.o)
                0x0000000008010ae8                _do_ctors
 .text          0x0000000008010b48       0x60 ../usb_kb_bsp//libhal_bsp.a(alt_do_dtors.o)
                0x0000000008010b48                _do_dtors
 .text          0x0000000008010ba8       0x20 ../usb_kb_bsp//libhal_bsp.a(alt_icache_flush_all.o)
                0x0000000008010ba8                alt_icache_flush_all
 .text          0x0000000008010bc8      0x1b0 ../usb_kb_bsp//libhal_bsp.a(alt_iic.o)
                0x0000000008010bc8                alt_ic_isr_register
                0x0000000008010c18                alt_ic_irq_enable
                0x0000000008010ca0                alt_ic_irq_disable
                0x0000000008010d2c                alt_ic_irq_enabled
 .text          0x0000000008010d78       0xf0 ../usb_kb_bsp//libhal_bsp.a(alt_iic_isr_register.o)
                0x0000000008010d78                alt_iic_isr_register
 .text          0x0000000008010e68      0x160 ../usb_kb_bsp//libhal_bsp.a(alt_io_redirect.o)
                0x0000000008010f4c                alt_io_redirect
 .text          0x0000000008010fc8        0x0 ../usb_kb_bsp//libhal_bsp.a(alt_irq_entry.o)
 .text          0x0000000008010fc8        0x0 ../usb_kb_bsp//libhal_bsp.a(alt_irq_handler.o)
 .text          0x0000000008010fc8        0x0 ../usb_kb_bsp//libhal_bsp.a(alt_irq_vars.o)
 .text          0x0000000008010fc8      0x284 ../usb_kb_bsp//libhal_bsp.a(alt_open.o)
                0x00000000080110f0                open
 .text          0x000000000801124c      0x1a4 ../usb_kb_bsp//libhal_bsp.a(alt_tick.o)
                0x000000000801124c                alt_alarm_stop
                0x00000000080112e8                alt_tick
 .text          0x00000000080113f0       0x24 ../usb_kb_bsp//libhal_bsp.a(altera_nios2_gen2_irq.o)
                0x00000000080113f0                altera_nios2_gen2_irq_init
 .text          0x0000000008011414        0x0 ../usb_kb_bsp//libhal_bsp.a(alt_exception_entry.o)
 .text          0x0000000008011414       0x90 ../usb_kb_bsp//libhal_bsp.a(alt_find_dev.o)
                0x0000000008011414                alt_find_dev
 .text          0x00000000080114a4      0x108 ../usb_kb_bsp//libhal_bsp.a(alt_find_file.o)
                0x00000000080114a4                alt_find_file
 .text          0x00000000080115ac       0xc4 ../usb_kb_bsp//libhal_bsp.a(alt_get_fd.o)
                0x00000000080115ac                alt_get_fd
 .text          0x0000000008011670       0x9c ../usb_kb_bsp//libhal_bsp.a(alt_instruction_exception_entry.o)
                0x0000000008011670                alt_exception_cause_generated_bad_addr
 .text          0x000000000801170c        0x0 /home/shoe/intelFPGA/18.1/nios2eds/bin/gnu/H-x86_64-pc-linux-gnu/bin/../lib/gcc/nios2-elf/5.3.0/../../../../../H-x86_64-pc-linux-gnu/nios2-elf/lib/mno-hw-mul/libc.a(lib_a-atexit.o)
 .text.atexit   0x000000000801170c       0x14 /home/shoe/intelFPGA/18.1/nios2eds/bin/gnu/H-x86_64-pc-linux-gnu/bin/../lib/gcc/nios2-elf/5.3.0/../../../../../H-x86_64-pc-linux-gnu/nios2-elf/lib/mno-hw-mul/libc.a(lib_a-atexit.o)
                0x000000000801170c                atexit
 .text          0x0000000008011720        0x0 /home/shoe/intelFPGA/18.1/nios2eds/bin/gnu/H-x86_64-pc-linux-gnu/bin/../lib/gcc/nios2-elf/5.3.0/../../../../../H-x86_64-pc-linux-gnu/nios2-elf/lib/mno-hw-mul/libc.a(lib_a-exit.o)
 .text.exit     0x0000000008011720       0x38 /home/shoe/intelFPGA/18.1/nios2eds/bin/gnu/H-x86_64-pc-linux-gnu/bin/../lib/gcc/nios2-elf/5.3.0/../../../../../H-x86_64-pc-linux-gnu/nios2-elf/lib/mno-hw-mul/libc.a(lib_a-exit.o)
                0x0000000008011720                exit
 .text          0x0000000008011758        0x0 /home/shoe/intelFPGA/18.1/nios2eds/bin/gnu/H-x86_64-pc-linux-gnu/bin/../lib/gcc/nios2-elf/5.3.0/../../../../../H-x86_64-pc-linux-gnu/nios2-elf/lib/mno-hw-mul/libc.a(lib_a-memcmp.o)
 .text.memcmp   0x0000000008011758       0x7c /home/shoe/intelFPGA/18.1/nios2eds/bin/gnu/H-x86_64-pc-linux-gnu/bin/../lib/gcc/nios2-elf/5.3.0/../../../../../H-x86_64-pc-linux-gnu/nios2-elf/lib/mno-hw-mul/libc.a(lib_a-memcmp.o)
                0x0000000008011758                memcmp
 .text          0x00000000080117d4        0x0 /home/shoe/intelFPGA/18.1/nios2eds/bin/gnu/H-x86_64-pc-linux-gnu/bin/../lib/gcc/nios2-elf/5.3.0/../../../../../H-x86_64-pc-linux-gnu/nios2-elf/lib/mno-hw-mul/libc.a(lib_a-__atexit.o)
 .text.__register_exitproc
                0x00000000080117d4      0x118 /home/shoe/intelFPGA/18.1/nios2eds/bin/gnu/H-x86_64-pc-linux-gnu/bin/../lib/gcc/nios2-elf/5.3.0/../../../../../H-x86_64-pc-linux-gnu/nios2-elf/lib/mno-hw-mul/libc.a(lib_a-__atexit.o)
                0x00000000080117d4                __register_exitproc
 .text          0x00000000080118ec        0x0 /home/shoe/intelFPGA/18.1/nios2eds/bin/gnu/H-x86_64-pc-linux-gnu/bin/../lib/gcc/nios2-elf/5.3.0/../../../../../H-x86_64-pc-linux-gnu/nios2-elf/lib/mno-hw-mul/libc.a(lib_a-__call_atexit.o)
 .text.__call_exitprocs
                0x00000000080118ec      0x180 /home/shoe/intelFPGA/18.1/nios2eds/bin/gnu/H-x86_64-pc-linux-gnu/bin/../lib/gcc/nios2-elf/5.3.0/../../../../../H-x86_64-pc-linux-gnu/nios2-elf/lib/mno-hw-mul/libc.a(lib_a-__call_atexit.o)
                0x00000000080118ec                __call_exitprocs
 .text          0x0000000008011a6c       0x34 ../usb_kb_bsp//libhal_bsp.a(alt_exit.o)
                0x0000000008011a6c                _exit
 *(.gnu.warning.*)
 *(.fini)
                [!provide]                        PROVIDE (__etext, ABSOLUTE (.))
                [!provide]                        PROVIDE (_etext, ABSOLUTE (.))
                [!provide]                        PROVIDE (etext, ABSOLUTE (.))
 *(.eh_frame_hdr)
                0x0000000008011aa0                . = ALIGN (0x4)
                [!provide]                        PROVIDE (__preinit_array_start, ABSOLUTE (.))
 *(.preinit_array)
                [!provide]                        PROVIDE (__preinit_array_end, ABSOLUTE (.))
                [!provide]                        PROVIDE (__init_array_start, ABSOLUTE (.))
 *(.init_array)
                [!provide]                        PROVIDE (__init_array_end, ABSOLUTE (.))
                [!provide]                        PROVIDE (__fini_array_start, ABSOLUTE (.))
 *(.fini_array)
                [!provide]                        PROVIDE (__fini_array_end, ABSOLUTE (.))
 *(.eh_frame)
 *(.gcc_except_table .gcc_except_table.*)
 *(.dynamic)
                0x0000000008011aa0                PROVIDE (__CTOR_LIST__, ABSOLUTE (.))
 *(.ctors)
 *(SORT(.ctors.*))
                0x0000000008011aa0                PROVIDE (__CTOR_END__, ABSOLUTE (.))
                0x0000000008011aa0                PROVIDE (__DTOR_LIST__, ABSOLUTE (.))
 *(.dtors)
 *(SORT(.dtors.*))
                0x0000000008011aa0                PROVIDE (__DTOR_END__, ABSOLUTE (.))
 *(.jcr)
                0x0000000008011aa0                . = ALIGN (0x4)

.rodata         0x0000000008011aa0      0xa9c
                0x0000000008011aa0                PROVIDE (__ram_rodata_start, ABSOLUTE (.))
                0x0000000008011aa0                . = ALIGN (0x4)
 *(.rodata .rodata.* .gnu.linkonce.r.*)
 .rodata        0x0000000008011aa0      0x728 obj/default/main.o
 .rodata        0x00000000080121c8       0x71 obj/default/usb.o
 *fill*         0x0000000008012239        0x3 
 .rodata.str1.4
                0x000000000801223c        0x2 /home/shoe/intelFPGA/18.1/nios2eds/bin/gnu/H-x86_64-pc-linux-gnu/bin/../lib/gcc/nios2-elf/5.3.0/../../../../../H-x86_64-pc-linux-gnu/nios2-elf/lib/mno-hw-mul/libc.a(lib_a-puts.o)
 *fill*         0x000000000801223e        0x2 
 .rodata.str1.4
                0x0000000008012240       0x42 /home/shoe/intelFPGA/18.1/nios2eds/bin/gnu/H-x86_64-pc-linux-gnu/bin/../lib/gcc/nios2-elf/5.3.0/../../../../../H-x86_64-pc-linux-gnu/nios2-elf/lib/mno-hw-mul/libc.a(lib_a-vfprintf.o)
 .rodata.zeroes.4404
                0x0000000008012282       0x10 /home/shoe/intelFPGA/18.1/nios2eds/bin/gnu/H-x86_64-pc-linux-gnu/bin/../lib/gcc/nios2-elf/5.3.0/../../../../../H-x86_64-pc-linux-gnu/nios2-elf/lib/mno-hw-mul/libc.a(lib_a-vfprintf.o)
 .rodata.blanks.4403
                0x0000000008012292       0x10 /home/shoe/intelFPGA/18.1/nios2eds/bin/gnu/H-x86_64-pc-linux-gnu/bin/../lib/gcc/nios2-elf/5.3.0/../../../../../H-x86_64-pc-linux-gnu/nios2-elf/lib/mno-hw-mul/libc.a(lib_a-vfprintf.o)
 *fill*         0x00000000080122a2        0x2 
 .rodata.str1.4
                0x00000000080122a4       0x10 /home/shoe/intelFPGA/18.1/nios2eds/bin/gnu/H-x86_64-pc-linux-gnu/bin/../lib/gcc/nios2-elf/5.3.0/../../../../../H-x86_64-pc-linux-gnu/nios2-elf/lib/mno-hw-mul/libc.a(lib_a-dtoa.o)
                                         0x12 (size before relaxing)
 .rodata.str1.4
                0x00000000080122b4        0x2 /home/shoe/intelFPGA/18.1/nios2eds/bin/gnu/H-x86_64-pc-linux-gnu/bin/../lib/gcc/nios2-elf/5.3.0/../../../../../H-x86_64-pc-linux-gnu/nios2-elf/lib/mno-hw-mul/libc.a(lib_a-impure.o)
 *fill*         0x00000000080122b6        0x2 
 .rodata.str1.4
                0x00000000080122b8        0xc /home/shoe/intelFPGA/18.1/nios2eds/bin/gnu/H-x86_64-pc-linux-gnu/bin/../lib/gcc/nios2-elf/5.3.0/../../../../../H-x86_64-pc-linux-gnu/nios2-elf/lib/mno-hw-mul/libc.a(lib_a-locale.o)
                                         0x12 (size before relaxing)
 .rodata.p05.2768
                0x00000000080122c4        0xc /home/shoe/intelFPGA/18.1/nios2eds/bin/gnu/H-x86_64-pc-linux-gnu/bin/../lib/gcc/nios2-elf/5.3.0/../../../../../H-x86_64-pc-linux-gnu/nios2-elf/lib/mno-hw-mul/libc.a(lib_a-mprec.o)
 .rodata.__mprec_tinytens
                0x00000000080122d0       0x28 /home/shoe/intelFPGA/18.1/nios2eds/bin/gnu/H-x86_64-pc-linux-gnu/bin/../lib/gcc/nios2-elf/5.3.0/../../../../../H-x86_64-pc-linux-gnu/nios2-elf/lib/mno-hw-mul/libc.a(lib_a-mprec.o)
                0x00000000080122d0                __mprec_tinytens
 .rodata.__mprec_bigtens
                0x00000000080122f8       0x28 /home/shoe/intelFPGA/18.1/nios2eds/bin/gnu/H-x86_64-pc-linux-gnu/bin/../lib/gcc/nios2-elf/5.3.0/../../../../../H-x86_64-pc-linux-gnu/nios2-elf/lib/mno-hw-mul/libc.a(lib_a-mprec.o)
                0x00000000080122f8                __mprec_bigtens
 .rodata.__mprec_tens
                0x0000000008012320       0xc8 /home/shoe/intelFPGA/18.1/nios2eds/bin/gnu/H-x86_64-pc-linux-gnu/bin/../lib/gcc/nios2-elf/5.3.0/../../../../../H-x86_64-pc-linux-gnu/nios2-elf/lib/mno-hw-mul/libc.a(lib_a-mprec.o)
                0x0000000008012320                __mprec_tens
 .rodata.str1.4
                0x00000000080123e8       0x2f /home/shoe/intelFPGA/18.1/nios2eds/bin/gnu/H-x86_64-pc-linux-gnu/bin/../lib/gcc/nios2-elf/5.3.0/../../../../../H-x86_64-pc-linux-gnu/nios2-elf/lib/mno-hw-mul/libc.a(lib_a-vfiprintf.o)
 .rodata.zeroes.4349
                0x00000000080123e8       0x10 /home/shoe/intelFPGA/18.1/nios2eds/bin/gnu/H-x86_64-pc-linux-gnu/bin/../lib/gcc/nios2-elf/5.3.0/../../../../../H-x86_64-pc-linux-gnu/nios2-elf/lib/mno-hw-mul/libc.a(lib_a-vfiprintf.o)
 .rodata.blanks.4348
                0x00000000080123f8       0x10 /home/shoe/intelFPGA/18.1/nios2eds/bin/gnu/H-x86_64-pc-linux-gnu/bin/../lib/gcc/nios2-elf/5.3.0/../../../../../H-x86_64-pc-linux-gnu/nios2-elf/lib/mno-hw-mul/libc.a(lib_a-vfiprintf.o)
 .rodata        0x0000000008012408      0x100 /home/shoe/intelFPGA/18.1/nios2eds/bin/gnu/H-x86_64-pc-linux-gnu/bin/../lib/gcc/nios2-elf/5.3.0/mno-hw-mul/libgcc.a(_clz.o)
                0x0000000008012408                __clz_tab
 .rodata        0x0000000008012508        0xa ../usb_kb_bsp//libhal_bsp.a(alt_dev.o)
 *fill*         0x0000000008012512        0x2 
 .rodata        0x0000000008012514       0x11 ../usb_kb_bsp//libhal_bsp.a(alt_main.o)
 *fill*         0x0000000008012525        0x3 
 .rodata        0x0000000008012528       0x11 ../usb_kb_bsp//libhal_bsp.a(alt_sys_init.o)
 *(.rodata1)
                0x000000000801253c                . = ALIGN (0x4)
 *fill*         0x0000000008012539        0x3 
                0x000000000801253c                PROVIDE (__ram_rodata_end, ABSOLUTE (.))
                0x0000000008011aa0                PROVIDE (__flash_rodata_start, LOADADDR (.rodata))

.rwdata         0x000000000801253c     0x1aec load address 0x0000000008014028
                0x000000000801253c                PROVIDE (__ram_rwdata_start, ABSOLUTE (.))
                0x000000000801253c                . = ALIGN (0x4)
 *(.got.plt)
 *(.got)
 *(.data1)
 *(.data .data.* .gnu.linkonce.d.*)
 .data          0x000000000801253c        0x0 ../usb_kb_bsp//obj/HAL/src/crt0.o
 .data          0x000000000801253c        0x0 obj/default/io_handler.o
 .data          0x000000000801253c        0x0 obj/default/main.o
 .data          0x000000000801253c        0x0 obj/default/usb.o
 .data          0x000000000801253c        0x0 /home/shoe/intelFPGA/18.1/nios2eds/bin/gnu/H-x86_64-pc-linux-gnu/bin/../lib/gcc/nios2-elf/5.3.0/../../../../../H-x86_64-pc-linux-gnu/nios2-elf/lib/mno-hw-mul/libc.a(lib_a-printf.o)
 .data          0x000000000801253c        0x0 /home/shoe/intelFPGA/18.1/nios2eds/bin/gnu/H-x86_64-pc-linux-gnu/bin/../lib/gcc/nios2-elf/5.3.0/../../../../../H-x86_64-pc-linux-gnu/nios2-elf/lib/mno-hw-mul/libc.a(lib_a-puts.o)
 .data          0x000000000801253c        0x0 /home/shoe/intelFPGA/18.1/nios2eds/bin/gnu/H-x86_64-pc-linux-gnu/bin/../lib/gcc/nios2-elf/5.3.0/../../../../../H-x86_64-pc-linux-gnu/nios2-elf/lib/mno-hw-mul/libc.a(lib_a-strlen.o)
 .data          0x000000000801253c        0x0 /home/shoe/intelFPGA/18.1/nios2eds/bin/gnu/H-x86_64-pc-linux-gnu/bin/../lib/gcc/nios2-elf/5.3.0/../../../../../H-x86_64-pc-linux-gnu/nios2-elf/lib/mno-hw-mul/libc.a(lib_a-vfprintf.o)
 .data          0x000000000801253c        0x0 /home/shoe/intelFPGA/18.1/nios2eds/bin/gnu/H-x86_64-pc-linux-gnu/bin/../lib/gcc/nios2-elf/5.3.0/../../../../../H-x86_64-pc-linux-gnu/nios2-elf/lib/mno-hw-mul/libc.a(lib_a-wsetup.o)
 .data          0x000000000801253c        0x0 /home/shoe/intelFPGA/18.1/nios2eds/bin/gnu/H-x86_64-pc-linux-gnu/bin/../lib/gcc/nios2-elf/5.3.0/../../../../../H-x86_64-pc-linux-gnu/nios2-elf/lib/mno-hw-mul/libc.a(lib_a-dtoa.o)
 .data          0x000000000801253c        0x0 /home/shoe/intelFPGA/18.1/nios2eds/bin/gnu/H-x86_64-pc-linux-gnu/bin/../lib/gcc/nios2-elf/5.3.0/../../../../../H-x86_64-pc-linux-gnu/nios2-elf/lib/mno-hw-mul/libc.a(lib_a-fflush.o)
 .data          0x000000000801253c        0x0 /home/shoe/intelFPGA/18.1/nios2eds/bin/gnu/H-x86_64-pc-linux-gnu/bin/../lib/gcc/nios2-elf/5.3.0/../../../../../H-x86_64-pc-linux-gnu/nios2-elf/lib/mno-hw-mul/libc.a(lib_a-findfp.o)
 .data          0x000000000801253c        0x0 /home/shoe/intelFPGA/18.1/nios2eds/bin/gnu/H-x86_64-pc-linux-gnu/bin/../lib/gcc/nios2-elf/5.3.0/../../../../../H-x86_64-pc-linux-gnu/nios2-elf/lib/mno-hw-mul/libc.a(lib_a-freer.o)
 .data          0x000000000801253c        0x0 /home/shoe/intelFPGA/18.1/nios2eds/bin/gnu/H-x86_64-pc-linux-gnu/bin/../lib/gcc/nios2-elf/5.3.0/../../../../../H-x86_64-pc-linux-gnu/nios2-elf/lib/mno-hw-mul/libc.a(lib_a-fvwrite.o)
 .data          0x000000000801253c        0x0 /home/shoe/intelFPGA/18.1/nios2eds/bin/gnu/H-x86_64-pc-linux-gnu/bin/../lib/gcc/nios2-elf/5.3.0/../../../../../H-x86_64-pc-linux-gnu/nios2-elf/lib/mno-hw-mul/libc.a(lib_a-fwalk.o)
 .data          0x000000000801253c        0x0 /home/shoe/intelFPGA/18.1/nios2eds/bin/gnu/H-x86_64-pc-linux-gnu/bin/../lib/gcc/nios2-elf/5.3.0/../../../../../H-x86_64-pc-linux-gnu/nios2-elf/lib/mno-hw-mul/libc.a(lib_a-impure.o)
 .data.impure_data
                0x000000000801253c      0x424 /home/shoe/intelFPGA/18.1/nios2eds/bin/gnu/H-x86_64-pc-linux-gnu/bin/../lib/gcc/nios2-elf/5.3.0/../../../../../H-x86_64-pc-linux-gnu/nios2-elf/lib/mno-hw-mul/libc.a(lib_a-impure.o)
 .data          0x0000000008012960        0x0 /home/shoe/intelFPGA/18.1/nios2eds/bin/gnu/H-x86_64-pc-linux-gnu/bin/../lib/gcc/nios2-elf/5.3.0/../../../../../H-x86_64-pc-linux-gnu/nios2-elf/lib/mno-hw-mul/libc.a(lib_a-locale.o)
 .data.lc_message_charset
                0x0000000008012960       0x20 /home/shoe/intelFPGA/18.1/nios2eds/bin/gnu/H-x86_64-pc-linux-gnu/bin/../lib/gcc/nios2-elf/5.3.0/../../../../../H-x86_64-pc-linux-gnu/nios2-elf/lib/mno-hw-mul/libc.a(lib_a-locale.o)
 .data.lc_ctype_charset
                0x0000000008012980       0x20 /home/shoe/intelFPGA/18.1/nios2eds/bin/gnu/H-x86_64-pc-linux-gnu/bin/../lib/gcc/nios2-elf/5.3.0/../../../../../H-x86_64-pc-linux-gnu/nios2-elf/lib/mno-hw-mul/libc.a(lib_a-locale.o)
 .data.lconv    0x00000000080129a0       0x38 /home/shoe/intelFPGA/18.1/nios2eds/bin/gnu/H-x86_64-pc-linux-gnu/bin/../lib/gcc/nios2-elf/5.3.0/../../../../../H-x86_64-pc-linux-gnu/nios2-elf/lib/mno-hw-mul/libc.a(lib_a-locale.o)
 .data          0x00000000080129d8        0x0 /home/shoe/intelFPGA/18.1/nios2eds/bin/gnu/H-x86_64-pc-linux-gnu/bin/../lib/gcc/nios2-elf/5.3.0/../../../../../H-x86_64-pc-linux-gnu/nios2-elf/lib/mno-hw-mul/libc.a(lib_a-makebuf.o)
 .data          0x00000000080129d8        0x0 /home/shoe/intelFPGA/18.1/nios2eds/bin/gnu/H-x86_64-pc-linux-gnu/bin/../lib/gcc/nios2-elf/5.3.0/../../../../../H-x86_64-pc-linux-gnu/nios2-elf/lib/mno-hw-mul/libc.a(lib_a-mallocr.o)
 .data.__malloc_av_
                0x00000000080129d8      0x408 /home/shoe/intelFPGA/18.1/nios2eds/bin/gnu/H-x86_64-pc-linux-gnu/bin/../lib/gcc/nios2-elf/5.3.0/../../../../../H-x86_64-pc-linux-gnu/nios2-elf/lib/mno-hw-mul/libc.a(lib_a-mallocr.o)
                0x00000000080129d8                __malloc_av_
 .data          0x0000000008012de0        0x0 /home/shoe/intelFPGA/18.1/nios2eds/bin/gnu/H-x86_64-pc-linux-gnu/bin/../lib/gcc/nios2-elf/5.3.0/../../../../../H-x86_64-pc-linux-gnu/nios2-elf/lib/mno-hw-mul/libc.a(lib_a-memchr.o)
 .data          0x0000000008012de0        0x0 /home/shoe/intelFPGA/18.1/nios2eds/bin/gnu/H-x86_64-pc-linux-gnu/bin/../lib/gcc/nios2-elf/5.3.0/../../../../../H-x86_64-pc-linux-gnu/nios2-elf/lib/mno-hw-mul/libc.a(lib_a-memcpy.o)
 .data          0x0000000008012de0        0x0 /home/shoe/intelFPGA/18.1/nios2eds/bin/gnu/H-x86_64-pc-linux-gnu/bin/../lib/gcc/nios2-elf/5.3.0/../../../../../H-x86_64-pc-linux-gnu/nios2-elf/lib/mno-hw-mul/libc.a(lib_a-memmove.o)
 .data          0x0000000008012de0        0x0 /home/shoe/intelFPGA/18.1/nios2eds/bin/gnu/H-x86_64-pc-linux-gnu/bin/../lib/gcc/nios2-elf/5.3.0/../../../../../H-x86_64-pc-linux-gnu/nios2-elf/lib/mno-hw-mul/libc.a(lib_a-memset.o)
 .data          0x0000000008012de0        0x0 /home/shoe/intelFPGA/18.1/nios2eds/bin/gnu/H-x86_64-pc-linux-gnu/bin/../lib/gcc/nios2-elf/5.3.0/../../../../../H-x86_64-pc-linux-gnu/nios2-elf/lib/mno-hw-mul/libc.a(lib_a-mprec.o)
 .data          0x0000000008012de0        0x0 /home/shoe/intelFPGA/18.1/nios2eds/bin/gnu/H-x86_64-pc-linux-gnu/bin/../lib/gcc/nios2-elf/5.3.0/../../../../../H-x86_64-pc-linux-gnu/nios2-elf/lib/mno-hw-mul/libc.a(lib_a-reallocr.o)
 .data          0x0000000008012de0        0x0 /home/shoe/intelFPGA/18.1/nios2eds/bin/gnu/H-x86_64-pc-linux-gnu/bin/../lib/gcc/nios2-elf/5.3.0/../../../../../H-x86_64-pc-linux-gnu/nios2-elf/lib/mno-hw-mul/libc.a(lib_a-s_fpclassify.o)
 .data          0x0000000008012de0        0x0 /home/shoe/intelFPGA/18.1/nios2eds/bin/gnu/H-x86_64-pc-linux-gnu/bin/../lib/gcc/nios2-elf/5.3.0/../../../../../H-x86_64-pc-linux-gnu/nios2-elf/lib/mno-hw-mul/libc.a(lib_a-sbrkr.o)
 .data          0x0000000008012de0        0x0 /home/shoe/intelFPGA/18.1/nios2eds/bin/gnu/H-x86_64-pc-linux-gnu/bin/../lib/gcc/nios2-elf/5.3.0/../../../../../H-x86_64-pc-linux-gnu/nios2-elf/lib/mno-hw-mul/libc.a(lib_a-stdio.o)
 .data          0x0000000008012de0        0x0 /home/shoe/intelFPGA/18.1/nios2eds/bin/gnu/H-x86_64-pc-linux-gnu/bin/../lib/gcc/nios2-elf/5.3.0/../../../../../H-x86_64-pc-linux-gnu/nios2-elf/lib/mno-hw-mul/libc.a(lib_a-strcmp.o)
 .data          0x0000000008012de0        0x0 /home/shoe/intelFPGA/18.1/nios2eds/bin/gnu/H-x86_64-pc-linux-gnu/bin/../lib/gcc/nios2-elf/5.3.0/../../../../../H-x86_64-pc-linux-gnu/nios2-elf/lib/mno-hw-mul/libc.a(lib_a-vfiprintf.o)
 .data          0x0000000008012de0        0x0 /home/shoe/intelFPGA/18.1/nios2eds/bin/gnu/H-x86_64-pc-linux-gnu/bin/../lib/gcc/nios2-elf/5.3.0/../../../../../H-x86_64-pc-linux-gnu/nios2-elf/lib/mno-hw-mul/libc.a(lib_a-writer.o)
 .data          0x0000000008012de0        0x0 /home/shoe/intelFPGA/18.1/nios2eds/bin/gnu/H-x86_64-pc-linux-gnu/bin/../lib/gcc/nios2-elf/5.3.0/../../../../../H-x86_64-pc-linux-gnu/nios2-elf/lib/mno-hw-mul/libc.a(closer.o)
 .data          0x0000000008012de0        0x0 /home/shoe/intelFPGA/18.1/nios2eds/bin/gnu/H-x86_64-pc-linux-gnu/bin/../lib/gcc/nios2-elf/5.3.0/../../../../../H-x86_64-pc-linux-gnu/nios2-elf/lib/mno-hw-mul/libc.a(lib_a-callocr.o)
 .data          0x0000000008012de0        0x0 /home/shoe/intelFPGA/18.1/nios2eds/bin/gnu/H-x86_64-pc-linux-gnu/bin/../lib/gcc/nios2-elf/5.3.0/../../../../../H-x86_64-pc-linux-gnu/nios2-elf/lib/mno-hw-mul/libc.a(lib_a-fclose.o)
 .data          0x0000000008012de0        0x0 /home/shoe/intelFPGA/18.1/nios2eds/bin/gnu/H-x86_64-pc-linux-gnu/bin/../lib/gcc/nios2-elf/5.3.0/../../../../../H-x86_64-pc-linux-gnu/nios2-elf/lib/mno-hw-mul/libc.a(lib_a-fputwc.o)
 .data          0x0000000008012de0        0x0 /home/shoe/intelFPGA/18.1/nios2eds/bin/gnu/H-x86_64-pc-linux-gnu/bin/../lib/gcc/nios2-elf/5.3.0/../../../../../H-x86_64-pc-linux-gnu/nios2-elf/lib/mno-hw-mul/libc.a(lib_a-fstatr.o)
 .data          0x0000000008012de0        0x0 /home/shoe/intelFPGA/18.1/nios2eds/bin/gnu/H-x86_64-pc-linux-gnu/bin/../lib/gcc/nios2-elf/5.3.0/../../../../../H-x86_64-pc-linux-gnu/nios2-elf/lib/mno-hw-mul/libc.a(lib_a-int_errno.o)
 .data          0x0000000008012de0        0x0 /home/shoe/intelFPGA/18.1/nios2eds/bin/gnu/H-x86_64-pc-linux-gnu/bin/../lib/gcc/nios2-elf/5.3.0/../../../../../H-x86_64-pc-linux-gnu/nios2-elf/lib/mno-hw-mul/libc.a(lib_a-isattyr.o)
 .data          0x0000000008012de0        0x0 /home/shoe/intelFPGA/18.1/nios2eds/bin/gnu/H-x86_64-pc-linux-gnu/bin/../lib/gcc/nios2-elf/5.3.0/../../../../../H-x86_64-pc-linux-gnu/nios2-elf/lib/mno-hw-mul/libc.a(lib_a-lseekr.o)
 .data          0x0000000008012de0        0x0 /home/shoe/intelFPGA/18.1/nios2eds/bin/gnu/H-x86_64-pc-linux-gnu/bin/../lib/gcc/nios2-elf/5.3.0/../../../../../H-x86_64-pc-linux-gnu/nios2-elf/lib/mno-hw-mul/libc.a(lib_a-readr.o)
 .data          0x0000000008012de0        0x0 /home/shoe/intelFPGA/18.1/nios2eds/bin/gnu/H-x86_64-pc-linux-gnu/bin/../lib/gcc/nios2-elf/5.3.0/../../../../../H-x86_64-pc-linux-gnu/nios2-elf/lib/mno-hw-mul/libc.a(lib_a-wbuf.o)
 .data          0x0000000008012de0        0x0 /home/shoe/intelFPGA/18.1/nios2eds/bin/gnu/H-x86_64-pc-linux-gnu/bin/../lib/gcc/nios2-elf/5.3.0/../../../../../H-x86_64-pc-linux-gnu/nios2-elf/lib/mno-hw-mul/libc.a(lib_a-wcrtomb.o)
 .data          0x0000000008012de0        0x0 /home/shoe/intelFPGA/18.1/nios2eds/bin/gnu/H-x86_64-pc-linux-gnu/bin/../lib/gcc/nios2-elf/5.3.0/../../../../../H-x86_64-pc-linux-gnu/nios2-elf/lib/mno-hw-mul/libc.a(lib_a-wctomb_r.o)
 .data          0x0000000008012de0        0x0 /home/shoe/intelFPGA/18.1/nios2eds/bin/gnu/H-x86_64-pc-linux-gnu/bin/../lib/gcc/nios2-elf/5.3.0/mno-hw-mul/libgcc.a(_udivdi3.o)
 .data          0x0000000008012de0        0x0 /home/shoe/intelFPGA/18.1/nios2eds/bin/gnu/H-x86_64-pc-linux-gnu/bin/../lib/gcc/nios2-elf/5.3.0/mno-hw-mul/libgcc.a(_umoddi3.o)
 .data          0x0000000008012de0        0x0 /home/shoe/intelFPGA/18.1/nios2eds/bin/gnu/H-x86_64-pc-linux-gnu/bin/../lib/gcc/nios2-elf/5.3.0/mno-hw-mul/libgcc.a(lib2-divmod.o)
 .data          0x0000000008012de0        0x0 /home/shoe/intelFPGA/18.1/nios2eds/bin/gnu/H-x86_64-pc-linux-gnu/bin/../lib/gcc/nios2-elf/5.3.0/mno-hw-mul/libgcc.a(lib2-mul.o)
 .data          0x0000000008012de0        0x0 /home/shoe/intelFPGA/18.1/nios2eds/bin/gnu/H-x86_64-pc-linux-gnu/bin/../lib/gcc/nios2-elf/5.3.0/mno-hw-mul/libgcc.a(adddf3.o)
 .data          0x0000000008012de0        0x0 /home/shoe/intelFPGA/18.1/nios2eds/bin/gnu/H-x86_64-pc-linux-gnu/bin/../lib/gcc/nios2-elf/5.3.0/mno-hw-mul/libgcc.a(divdf3.o)
 .data          0x0000000008012de0        0x0 /home/shoe/intelFPGA/18.1/nios2eds/bin/gnu/H-x86_64-pc-linux-gnu/bin/../lib/gcc/nios2-elf/5.3.0/mno-hw-mul/libgcc.a(eqdf2.o)
 .data          0x0000000008012de0        0x0 /home/shoe/intelFPGA/18.1/nios2eds/bin/gnu/H-x86_64-pc-linux-gnu/bin/../lib/gcc/nios2-elf/5.3.0/mno-hw-mul/libgcc.a(gedf2.o)
 .data          0x0000000008012de0        0x0 /home/shoe/intelFPGA/18.1/nios2eds/bin/gnu/H-x86_64-pc-linux-gnu/bin/../lib/gcc/nios2-elf/5.3.0/mno-hw-mul/libgcc.a(ledf2.o)
 .data          0x0000000008012de0        0x0 /home/shoe/intelFPGA/18.1/nios2eds/bin/gnu/H-x86_64-pc-linux-gnu/bin/../lib/gcc/nios2-elf/5.3.0/mno-hw-mul/libgcc.a(muldf3.o)
 .data          0x0000000008012de0        0x0 /home/shoe/intelFPGA/18.1/nios2eds/bin/gnu/H-x86_64-pc-linux-gnu/bin/../lib/gcc/nios2-elf/5.3.0/mno-hw-mul/libgcc.a(subdf3.o)
 .data          0x0000000008012de0        0x0 /home/shoe/intelFPGA/18.1/nios2eds/bin/gnu/H-x86_64-pc-linux-gnu/bin/../lib/gcc/nios2-elf/5.3.0/mno-hw-mul/libgcc.a(fixdfsi.o)
 .data          0x0000000008012de0        0x0 /home/shoe/intelFPGA/18.1/nios2eds/bin/gnu/H-x86_64-pc-linux-gnu/bin/../lib/gcc/nios2-elf/5.3.0/mno-hw-mul/libgcc.a(floatsidf.o)
 .data          0x0000000008012de0        0x0 /home/shoe/intelFPGA/18.1/nios2eds/bin/gnu/H-x86_64-pc-linux-gnu/bin/../lib/gcc/nios2-elf/5.3.0/mno-hw-mul/libgcc.a(floatunsidf.o)
 .data          0x0000000008012de0        0x0 /home/shoe/intelFPGA/18.1/nios2eds/bin/gnu/H-x86_64-pc-linux-gnu/bin/../lib/gcc/nios2-elf/5.3.0/mno-hw-mul/libgcc.a(_clz.o)
 .data          0x0000000008012de0        0x0 /home/shoe/intelFPGA/18.1/nios2eds/bin/gnu/H-x86_64-pc-linux-gnu/bin/../lib/gcc/nios2-elf/5.3.0/mno-hw-mul/libgcc.a(_clzsi2.o)
 .data          0x0000000008012de0        0x0 ../usb_kb_bsp//libhal_bsp.a(alt_close.o)
 .data          0x0000000008012de0      0x1a8 ../usb_kb_bsp//libhal_bsp.a(alt_dev.o)
                0x0000000008012de0                alt_dev_null
                0x0000000008012e08                alt_fd_list
 .data          0x0000000008012f88        0x0 ../usb_kb_bsp//libhal_bsp.a(alt_errno.o)
 .data          0x0000000008012f88        0x0 ../usb_kb_bsp//libhal_bsp.a(alt_fstat.o)
 .data          0x0000000008012f88        0x0 ../usb_kb_bsp//libhal_bsp.a(alt_isatty.o)
 .data          0x0000000008012f88        0x0 ../usb_kb_bsp//libhal_bsp.a(alt_load.o)
 .data          0x0000000008012f88        0x0 ../usb_kb_bsp//libhal_bsp.a(alt_lseek.o)
 .data          0x0000000008012f88        0x0 ../usb_kb_bsp//libhal_bsp.a(alt_main.o)
 .data          0x0000000008012f88        0x0 ../usb_kb_bsp//libhal_bsp.a(alt_malloc_lock.o)
 .data          0x0000000008012f88        0x0 ../usb_kb_bsp//libhal_bsp.a(alt_read.o)
 .data          0x0000000008012f88        0x0 ../usb_kb_bsp//libhal_bsp.a(alt_release_fd.o)
 .data          0x0000000008012f88        0x0 ../usb_kb_bsp//libhal_bsp.a(alt_sbrk.o)
 .data          0x0000000008012f88        0x0 ../usb_kb_bsp//libhal_bsp.a(alt_usleep.o)
 .data          0x0000000008012f88        0x0 ../usb_kb_bsp//libhal_bsp.a(alt_write.o)
 .data          0x0000000008012f88     0x1060 ../usb_kb_bsp//libhal_bsp.a(alt_sys_init.o)
 .data          0x0000000008013fe8        0x0 ../usb_kb_bsp//libhal_bsp.a(altera_avalon_jtag_uart_fd.o)
 .data          0x0000000008013fe8        0x0 ../usb_kb_bsp//libhal_bsp.a(altera_avalon_jtag_uart_init.o)
 .data          0x0000000008013fe8        0x0 ../usb_kb_bsp//libhal_bsp.a(altera_avalon_jtag_uart_ioctl.o)
 .data          0x0000000008013fe8        0x0 ../usb_kb_bsp//libhal_bsp.a(altera_avalon_jtag_uart_read.o)
 .data          0x0000000008013fe8        0x0 ../usb_kb_bsp//libhal_bsp.a(altera_avalon_jtag_uart_write.o)
 .data          0x0000000008013fe8        0x0 ../usb_kb_bsp//libhal_bsp.a(alt_alarm_start.o)
 .data          0x0000000008013fe8        0x0 ../usb_kb_bsp//libhal_bsp.a(alt_busy_sleep.o)
 .data          0x0000000008013fe8        0x0 ../usb_kb_bsp//libhal_bsp.a(alt_dcache_flush_all.o)
 .data          0x0000000008013fe8        0x0 ../usb_kb_bsp//libhal_bsp.a(alt_dev_llist_insert.o)
 .data          0x0000000008013fe8        0x0 ../usb_kb_bsp//libhal_bsp.a(alt_do_ctors.o)
 .data          0x0000000008013fe8        0x0 ../usb_kb_bsp//libhal_bsp.a(alt_do_dtors.o)
 .data          0x0000000008013fe8        0x0 ../usb_kb_bsp//libhal_bsp.a(alt_icache_flush_all.o)
 .data          0x0000000008013fe8        0x0 ../usb_kb_bsp//libhal_bsp.a(alt_iic.o)
 .data          0x0000000008013fe8        0x0 ../usb_kb_bsp//libhal_bsp.a(alt_iic_isr_register.o)
 .data          0x0000000008013fe8        0x0 ../usb_kb_bsp//libhal_bsp.a(alt_io_redirect.o)
 .data          0x0000000008013fe8        0x0 ../usb_kb_bsp//libhal_bsp.a(alt_irq_entry.o)
 .data          0x0000000008013fe8        0x0 ../usb_kb_bsp//libhal_bsp.a(alt_irq_handler.o)
 .data          0x0000000008013fe8        0x0 ../usb_kb_bsp//libhal_bsp.a(alt_irq_vars.o)
 .data          0x0000000008013fe8        0x0 ../usb_kb_bsp//libhal_bsp.a(alt_open.o)
 .data          0x0000000008013fe8        0x0 ../usb_kb_bsp//libhal_bsp.a(alt_tick.o)
 .data          0x0000000008013fe8        0x0 ../usb_kb_bsp//libhal_bsp.a(altera_nios2_gen2_irq.o)
 .data          0x0000000008013fe8        0x0 ../usb_kb_bsp//libhal_bsp.a(alt_exception_entry.o)
 .data          0x0000000008013fe8        0x0 ../usb_kb_bsp//libhal_bsp.a(alt_find_dev.o)
 .data          0x0000000008013fe8        0x0 ../usb_kb_bsp//libhal_bsp.a(alt_find_file.o)
 .data          0x0000000008013fe8        0x0 ../usb_kb_bsp//libhal_bsp.a(alt_get_fd.o)
 .data          0x0000000008013fe8        0x0 ../usb_kb_bsp//libhal_bsp.a(alt_instruction_exception_entry.o)
 .data          0x0000000008013fe8        0x0 /home/shoe/intelFPGA/18.1/nios2eds/bin/gnu/H-x86_64-pc-linux-gnu/bin/../lib/gcc/nios2-elf/5.3.0/../../../../../H-x86_64-pc-linux-gnu/nios2-elf/lib/mno-hw-mul/libc.a(lib_a-atexit.o)
 .data          0x0000000008013fe8        0x0 /home/shoe/intelFPGA/18.1/nios2eds/bin/gnu/H-x86_64-pc-linux-gnu/bin/../lib/gcc/nios2-elf/5.3.0/../../../../../H-x86_64-pc-linux-gnu/nios2-elf/lib/mno-hw-mul/libc.a(lib_a-exit.o)
 .data          0x0000000008013fe8        0x0 /home/shoe/intelFPGA/18.1/nios2eds/bin/gnu/H-x86_64-pc-linux-gnu/bin/../lib/gcc/nios2-elf/5.3.0/../../../../../H-x86_64-pc-linux-gnu/nios2-elf/lib/mno-hw-mul/libc.a(lib_a-memcmp.o)
 .data          0x0000000008013fe8        0x0 /home/shoe/intelFPGA/18.1/nios2eds/bin/gnu/H-x86_64-pc-linux-gnu/bin/../lib/gcc/nios2-elf/5.3.0/../../../../../H-x86_64-pc-linux-gnu/nios2-elf/lib/mno-hw-mul/libc.a(lib_a-__atexit.o)
 .data          0x0000000008013fe8        0x0 /home/shoe/intelFPGA/18.1/nios2eds/bin/gnu/H-x86_64-pc-linux-gnu/bin/../lib/gcc/nios2-elf/5.3.0/../../../../../H-x86_64-pc-linux-gnu/nios2-elf/lib/mno-hw-mul/libc.a(lib_a-__call_atexit.o)
 .data          0x0000000008013fe8        0x0 ../usb_kb_bsp//libhal_bsp.a(alt_exit.o)
                0x000000000801bfe8                _gp = ABSOLUTE ((. + 0x8000))
                [!provide]                        PROVIDE (gp, _gp)
 *(.rwdata .rwdata.*)
 *(.sdata .sdata.* .gnu.linkonce.s.*)
 .sdata._global_impure_ptr
                0x0000000008013fe8        0x4 /home/shoe/intelFPGA/18.1/nios2eds/bin/gnu/H-x86_64-pc-linux-gnu/bin/../lib/gcc/nios2-elf/5.3.0/../../../../../H-x86_64-pc-linux-gnu/nios2-elf/lib/mno-hw-mul/libc.a(lib_a-impure.o)
                0x0000000008013fe8                _global_impure_ptr
 .sdata._impure_ptr
                0x0000000008013fec        0x4 /home/shoe/intelFPGA/18.1/nios2eds/bin/gnu/H-x86_64-pc-linux-gnu/bin/../lib/gcc/nios2-elf/5.3.0/../../../../../H-x86_64-pc-linux-gnu/nios2-elf/lib/mno-hw-mul/libc.a(lib_a-impure.o)
                0x0000000008013fec                _impure_ptr
 .sdata.__mb_cur_max
                0x0000000008013ff0        0x4 /home/shoe/intelFPGA/18.1/nios2eds/bin/gnu/H-x86_64-pc-linux-gnu/bin/../lib/gcc/nios2-elf/5.3.0/../../../../../H-x86_64-pc-linux-gnu/nios2-elf/lib/mno-hw-mul/libc.a(lib_a-locale.o)
                0x0000000008013ff0                __mb_cur_max
 .sdata.__malloc_sbrk_base
                0x0000000008013ff4        0x4 /home/shoe/intelFPGA/18.1/nios2eds/bin/gnu/H-x86_64-pc-linux-gnu/bin/../lib/gcc/nios2-elf/5.3.0/../../../../../H-x86_64-pc-linux-gnu/nios2-elf/lib/mno-hw-mul/libc.a(lib_a-mallocr.o)
                0x0000000008013ff4                __malloc_sbrk_base
 .sdata.__malloc_trim_threshold
                0x0000000008013ff8        0x4 /home/shoe/intelFPGA/18.1/nios2eds/bin/gnu/H-x86_64-pc-linux-gnu/bin/../lib/gcc/nios2-elf/5.3.0/../../../../../H-x86_64-pc-linux-gnu/nios2-elf/lib/mno-hw-mul/libc.a(lib_a-mallocr.o)
                0x0000000008013ff8                __malloc_trim_threshold
 .sdata.__wctomb
                0x0000000008013ffc        0x4 /home/shoe/intelFPGA/18.1/nios2eds/bin/gnu/H-x86_64-pc-linux-gnu/bin/../lib/gcc/nios2-elf/5.3.0/../../../../../H-x86_64-pc-linux-gnu/nios2-elf/lib/mno-hw-mul/libc.a(lib_a-wctomb_r.o)
                0x0000000008013ffc                __wctomb
 .sdata         0x0000000008014000       0x14 ../usb_kb_bsp//libhal_bsp.a(alt_dev.o)
                0x0000000008014000                alt_fs_list
                0x0000000008014008                alt_dev_list
                0x0000000008014010                alt_max_fd
 .sdata         0x0000000008014014        0x4 ../usb_kb_bsp//libhal_bsp.a(alt_errno.o)
                0x0000000008014014                alt_errno
 .sdata         0x0000000008014018        0x4 ../usb_kb_bsp//libhal_bsp.a(alt_sbrk.o)
 .sdata         0x000000000801401c        0x4 ../usb_kb_bsp//libhal_bsp.a(alt_irq_vars.o)
                0x000000000801401c                alt_priority_mask
 .sdata         0x0000000008014020        0x8 ../usb_kb_bsp//libhal_bsp.a(alt_tick.o)
                0x0000000008014020                alt_alarm_list
 *(.sdata2 .sdata2.* .gnu.linkonce.s2.*)
                0x0000000008014028                . = ALIGN (0x4)
                0x0000000008014028                _edata = ABSOLUTE (.)
                [!provide]                        PROVIDE (edata, ABSOLUTE (.))
                0x0000000008014028                PROVIDE (__ram_rwdata_end, ABSOLUTE (.))
                0x0000000008014028                PROVIDE (__flash_rwdata_start, LOADADDR (.rwdata))

.bss            0x0000000008015b14      0x164
                0x0000000008015b14                __bss_start = ABSOLUTE (.)
                [!provide]                        PROVIDE (__sbss_start, ABSOLUTE (.))
                [!provide]                        PROVIDE (___sbss_start, ABSOLUTE (.))
 *(.dynsbss)
 *(.sbss .sbss.* .gnu.linkonce.sb.*)
 .sbss          0x0000000008015b14        0x4 obj/default/main.o
 .sbss._PathLocale
                0x0000000008015b18        0x4 /home/shoe/intelFPGA/18.1/nios2eds/bin/gnu/H-x86_64-pc-linux-gnu/bin/../lib/gcc/nios2-elf/5.3.0/../../../../../H-x86_64-pc-linux-gnu/nios2-elf/lib/mno-hw-mul/libc.a(lib_a-locale.o)
                0x0000000008015b18                _PathLocale
 .sbss.__mlocale_changed
                0x0000000008015b1c        0x4 /home/shoe/intelFPGA/18.1/nios2eds/bin/gnu/H-x86_64-pc-linux-gnu/bin/../lib/gcc/nios2-elf/5.3.0/../../../../../H-x86_64-pc-linux-gnu/nios2-elf/lib/mno-hw-mul/libc.a(lib_a-locale.o)
                0x0000000008015b1c                __mlocale_changed
 .sbss.__nlocale_changed
                0x0000000008015b20        0x4 /home/shoe/intelFPGA/18.1/nios2eds/bin/gnu/H-x86_64-pc-linux-gnu/bin/../lib/gcc/nios2-elf/5.3.0/../../../../../H-x86_64-pc-linux-gnu/nios2-elf/lib/mno-hw-mul/libc.a(lib_a-locale.o)
                0x0000000008015b20                __nlocale_changed
 .sbss.__malloc_max_total_mem
                0x0000000008015b24        0x4 /home/shoe/intelFPGA/18.1/nios2eds/bin/gnu/H-x86_64-pc-linux-gnu/bin/../lib/gcc/nios2-elf/5.3.0/../../../../../H-x86_64-pc-linux-gnu/nios2-elf/lib/mno-hw-mul/libc.a(lib_a-mallocr.o)
                0x0000000008015b24                __malloc_max_total_mem
 .sbss.__malloc_max_sbrked_mem
                0x0000000008015b28        0x4 /home/shoe/intelFPGA/18.1/nios2eds/bin/gnu/H-x86_64-pc-linux-gnu/bin/../lib/gcc/nios2-elf/5.3.0/../../../../../H-x86_64-pc-linux-gnu/nios2-elf/lib/mno-hw-mul/libc.a(lib_a-mallocr.o)
                0x0000000008015b28                __malloc_max_sbrked_mem
 .sbss.__malloc_top_pad
                0x0000000008015b2c        0x4 /home/shoe/intelFPGA/18.1/nios2eds/bin/gnu/H-x86_64-pc-linux-gnu/bin/../lib/gcc/nios2-elf/5.3.0/../../../../../H-x86_64-pc-linux-gnu/nios2-elf/lib/mno-hw-mul/libc.a(lib_a-mallocr.o)
                0x0000000008015b2c                __malloc_top_pad
 .sbss          0x0000000008015b30        0x4 /home/shoe/intelFPGA/18.1/nios2eds/bin/gnu/H-x86_64-pc-linux-gnu/bin/../lib/gcc/nios2-elf/5.3.0/../../../../../H-x86_64-pc-linux-gnu/nios2-elf/lib/mno-hw-mul/libc.a(lib_a-int_errno.o)
                0x0000000008015b30                errno
 .sbss          0x0000000008015b34        0xc ../usb_kb_bsp//libhal_bsp.a(alt_main.o)
                0x0000000008015b34                alt_argc
                0x0000000008015b38                alt_argv
                0x0000000008015b3c                alt_envp
 .sbss          0x0000000008015b40        0x4 ../usb_kb_bsp//libhal_bsp.a(alt_irq_vars.o)
                0x0000000008015b40                alt_irq_active
 .sbss          0x0000000008015b44        0x8 ../usb_kb_bsp//libhal_bsp.a(alt_tick.o)
                0x0000000008015b44                _alt_tick_rate
                0x0000000008015b48                _alt_nticks
 .sbss          0x0000000008015b4c        0x4 ../usb_kb_bsp//libhal_bsp.a(alt_instruction_exception_entry.o)
                0x0000000008015b4c                alt_instruction_exception_handler
 *(.sbss2 .sbss2.* .gnu.linkonce.sb2.*)
 *(.scommon)
                [!provide]                        PROVIDE (__sbss_end, ABSOLUTE (.))
                [!provide]                        PROVIDE (___sbss_end, ABSOLUTE (.))
 *(.dynbss)
 *(.bss .bss.* .gnu.linkonce.b.*)
 .bss           0x0000000008015b50        0x0 ../usb_kb_bsp//obj/HAL/src/crt0.o
 .bss           0x0000000008015b50        0x0 obj/default/io_handler.o
 .bss           0x0000000008015b50        0x0 obj/default/main.o
 .bss           0x0000000008015b50        0x0 obj/default/usb.o
 .bss           0x0000000008015b50        0x0 /home/shoe/intelFPGA/18.1/nios2eds/bin/gnu/H-x86_64-pc-linux-gnu/bin/../lib/gcc/nios2-elf/5.3.0/../../../../../H-x86_64-pc-linux-gnu/nios2-elf/lib/mno-hw-mul/libc.a(lib_a-printf.o)
 .bss           0x0000000008015b50        0x0 /home/shoe/intelFPGA/18.1/nios2eds/bin/gnu/H-x86_64-pc-linux-gnu/bin/../lib/gcc/nios2-elf/5.3.0/../../../../../H-x86_64-pc-linux-gnu/nios2-elf/lib/mno-hw-mul/libc.a(lib_a-puts.o)
 .bss           0x0000000008015b50        0x0 /home/shoe/intelFPGA/18.1/nios2eds/bin/gnu/H-x86_64-pc-linux-gnu/bin/../lib/gcc/nios2-elf/5.3.0/../../../../../H-x86_64-pc-linux-gnu/nios2-elf/lib/mno-hw-mul/libc.a(lib_a-strlen.o)
 .bss           0x0000000008015b50        0x0 /home/shoe/intelFPGA/18.1/nios2eds/bin/gnu/H-x86_64-pc-linux-gnu/bin/../lib/gcc/nios2-elf/5.3.0/../../../../../H-x86_64-pc-linux-gnu/nios2-elf/lib/mno-hw-mul/libc.a(lib_a-vfprintf.o)
 .bss           0x0000000008015b50        0x0 /home/shoe/intelFPGA/18.1/nios2eds/bin/gnu/H-x86_64-pc-linux-gnu/bin/../lib/gcc/nios2-elf/5.3.0/../../../../../H-x86_64-pc-linux-gnu/nios2-elf/lib/mno-hw-mul/libc.a(lib_a-wsetup.o)
 .bss           0x0000000008015b50        0x0 /home/shoe/intelFPGA/18.1/nios2eds/bin/gnu/H-x86_64-pc-linux-gnu/bin/../lib/gcc/nios2-elf/5.3.0/../../../../../H-x86_64-pc-linux-gnu/nios2-elf/lib/mno-hw-mul/libc.a(lib_a-dtoa.o)
 .bss           0x0000000008015b50        0x0 /home/shoe/intelFPGA/18.1/nios2eds/bin/gnu/H-x86_64-pc-linux-gnu/bin/../lib/gcc/nios2-elf/5.3.0/../../../../../H-x86_64-pc-linux-gnu/nios2-elf/lib/mno-hw-mul/libc.a(lib_a-fflush.o)
 .bss           0x0000000008015b50        0x0 /home/shoe/intelFPGA/18.1/nios2eds/bin/gnu/H-x86_64-pc-linux-gnu/bin/../lib/gcc/nios2-elf/5.3.0/../../../../../H-x86_64-pc-linux-gnu/nios2-elf/lib/mno-hw-mul/libc.a(lib_a-findfp.o)
 .bss           0x0000000008015b50        0x0 /home/shoe/intelFPGA/18.1/nios2eds/bin/gnu/H-x86_64-pc-linux-gnu/bin/../lib/gcc/nios2-elf/5.3.0/../../../../../H-x86_64-pc-linux-gnu/nios2-elf/lib/mno-hw-mul/libc.a(lib_a-freer.o)
 .bss           0x0000000008015b50        0x0 /home/shoe/intelFPGA/18.1/nios2eds/bin/gnu/H-x86_64-pc-linux-gnu/bin/../lib/gcc/nios2-elf/5.3.0/../../../../../H-x86_64-pc-linux-gnu/nios2-elf/lib/mno-hw-mul/libc.a(lib_a-fvwrite.o)
 .bss           0x0000000008015b50        0x0 /home/shoe/intelFPGA/18.1/nios2eds/bin/gnu/H-x86_64-pc-linux-gnu/bin/../lib/gcc/nios2-elf/5.3.0/../../../../../H-x86_64-pc-linux-gnu/nios2-elf/lib/mno-hw-mul/libc.a(lib_a-fwalk.o)
 .bss           0x0000000008015b50        0x0 /home/shoe/intelFPGA/18.1/nios2eds/bin/gnu/H-x86_64-pc-linux-gnu/bin/../lib/gcc/nios2-elf/5.3.0/../../../../../H-x86_64-pc-linux-gnu/nios2-elf/lib/mno-hw-mul/libc.a(lib_a-impure.o)